Jan 28 15:58:17 hikey970 kernel: [    0.000000] Booting Linux on physical CPU 0x0
Jan 28 15:58:17 hikey970 kernel: [    0.000000] Linux version 4.9.78-147538-g244928755bbe (andy@andy-virtual-machine) (gcc version 4.9.x 20150123 (prerelease) (GCC) ) #1 SMP PREEMPT Thu May 31 10:58:02 CST 2018
Jan 28 15:58:17 hikey970 kernel: [    0.000000] Boot CPU: AArch64 Processor [410fd034]
Jan 28 15:58:17 hikey970 kernel: [    0.000000] earlycon: pl11 at MMIO 0x00000000fff32000 (options '115200')
Jan 28 15:58:17 hikey970 kernel: [    0.000000] bootconsole [pl11] enabled
Jan 28 15:58:17 hikey970 kernel: [    0.000000] efi: Getting EFI parameters from FDT:
Jan 28 15:58:17 hikey970 kernel: [    0.000000] efi: EFI v2.60 by EDK II
Jan 28 15:58:17 hikey970 kernel: [    0.000000] efi:  MEMATTR=0xbe6b3698 
Jan 28 15:58:17 hikey970 kernel: [    0.000000] Ion: base 0xbc800000, size is 0x1e00000, node name graphic, heap-name carveout_gralloc namesize 17,[99][97][114][118]
Jan 28 15:58:17 hikey970 kernel: [    0.000000] Ion: insert heap-name carveout_gralloc 
Jan 28 15:58:17 hikey970 kernel: [    0.000000] OF: reserved mem: initialized node graphic, compatible id hisi_ion
Jan 28 15:58:17 hikey970 kernel: [    0.000000] Reserved memory: created DMA memory pool at 0x0000000032200000, size 128 MiB
Jan 28 15:58:17 hikey970 kernel: [    0.000000] OF: reserved mem: initialized node drm_dma_mem_region, compatible id shared-dma-pool
Jan 28 15:58:17 hikey970 kernel: [    0.000000] cma: Reserved 64 MiB at 0x00000000b3400000
Jan 28 15:58:17 hikey970 kernel: [    0.000000] On node 0 totalpages: 1533751
Jan 28 15:58:17 hikey970 kernel: [    0.000000]   DMA zone: 11677 pages used for memmap
Jan 28 15:58:17 hikey970 kernel: [    0.000000]   DMA zone: 0 pages reserved
Jan 28 15:58:17 hikey970 kernel: [    0.000000]   DMA zone: 747319 pages, LIFO batch:31
Jan 28 15:58:17 hikey970 kernel: [    0.000000]   Normal zone: 12288 pages used for memmap
Jan 28 15:58:17 hikey970 kernel: [    0.000000]   Normal zone: 786432 pages, LIFO batch:31
Jan 28 15:58:17 hikey970 kernel: [    0.000000] psci: probing for conduit method from DT.
Jan 28 15:58:17 hikey970 kernel: [    0.000000] psci: PSCIv1.1 detected in firmware.
Jan 28 15:58:17 hikey970 kernel: [    0.000000] psci: Using standard PSCI v0.2 function IDs
Jan 28 15:58:17 hikey970 kernel: [    0.000000] psci: MIGRATE_INFO_TYPE not supported.
Jan 28 15:58:17 hikey970 kernel: [    0.000000] percpu: Embedded 22 pages/cpu @ffff8001bfed6000 s49944 r8192 d31976 u90112
Jan 28 15:58:17 hikey970 kernel: [    0.000000] pcpu-alloc: s49944 r8192 d31976 u90112 alloc=22*4096
Jan 28 15:58:17 hikey970 kernel: [    0.000000] pcpu-alloc: [0] 0 [0] 1 [0] 2 [0] 3 [0] 4 [0] 5 [0] 6 [0] 7 
Jan 28 15:58:17 hikey970 kernel: [    0.000000] Detected VIPT I-cache on CPU0
Jan 28 15:58:17 hikey970 kernel: [    0.000000] CPU features: enabling workaround for ARM erratum 845719
Jan 28 15:58:17 hikey970 kernel: [    0.000000] Built 1 zonelists in Zone order, mobility grouping on.  Total pages: 1509786
Jan 28 15:58:17 hikey970 kernel: [    0.000000] Kernel command line: BOOT_IMAGE=/boot/Image earlycon=pl011,0xfff32000,115200 clk_ignore_unused=true console=tty0 console=ttyAMA6,115200n8 root=/dev/sdd12 rootwait rw quiet efi=noruntime
Jan 28 15:58:17 hikey970 kernel: [    0.000000] PID hash table entries: 4096 (order: 3, 32768 bytes)
Jan 28 15:58:17 hikey970 kernel: [    0.000000] Dentry cache hash table entries: 1048576 (order: 11, 8388608 bytes)
Jan 28 15:58:17 hikey970 kernel: [    0.000000] Inode-cache hash table entries: 524288 (order: 10, 4194304 bytes)
Jan 28 15:58:17 hikey970 kernel: [    0.000000] software IO TLB [mem 0xaf400000-0xb3400000] (64MB) mapped at [ffff8000af400000-ffff8000b33fffff]
Jan 28 15:58:17 hikey970 kernel: [    0.000000] Memory: 5834364K/6135004K available (12476K kernel code, 1132K rwdata, 5216K rodata, 4160K init, 661K bss, 235104K reserved, 65536K cma-reserved)
Jan 28 15:58:17 hikey970 kernel: [    0.000000] Virtual kernel memory layout:
Jan 28 15:58:17 hikey970 kernel: [    0.000000]     modules : 0xffff000000000000 - 0xffff000008000000   (   128 MB)
Jan 28 15:58:17 hikey970 kernel: [    0.000000]     vmalloc : 0xffff000008000000 - 0xffff7dffbfff0000   (129022 GB)
Jan 28 15:58:17 hikey970 kernel: [    0.000000]       .text : 0xffff000008080000 - 0xffff000008cb0000   ( 12480 KB)
Jan 28 15:58:17 hikey970 kernel: [    0.000000]     .rodata : 0xffff000008cb0000 - 0xffff0000091d0000   (  5248 KB)
Jan 28 15:58:17 hikey970 kernel: [    0.000000]       .init : 0xffff0000091d0000 - 0xffff0000095e0000   (  4160 KB)
Jan 28 15:58:17 hikey970 kernel: [    0.000000]       .data : 0xffff0000095e0000 - 0xffff0000096fb200   (  1133 KB)
Jan 28 15:58:17 hikey970 kernel: [    0.000000]        .bss : 0xffff0000096fb200 - 0xffff0000097a07bc   (   662 KB)
Jan 28 15:58:17 hikey970 kernel: [    0.000000]     fixed   : 0xffff7dfffe7fb000 - 0xffff7dfffec00000   (  4116 KB)
Jan 28 15:58:17 hikey970 kernel: [    0.000000]     PCI I/O : 0xffff7dfffee00000 - 0xffff7dffffe00000   (    16 MB)
Jan 28 15:58:17 hikey970 kernel: [    0.000000]     vmemmap : 0xffff7e0000000000 - 0xffff800000000000   (  2048 GB maximum)
Jan 28 15:58:17 hikey970 kernel: [    0.000000]               0xffff7e0000000000 - 0xffff7e0007000000   (   112 MB actual)
Jan 28 15:58:17 hikey970 kernel: [    0.000000]     memory  : 0xffff800000000000 - 0xffff8001c0000000   (  7168 MB)
Jan 28 15:58:17 hikey970 kernel: [    0.000000] SLUB: HWalign=64, Order=0-3, MinObjects=0, CPUs=8, Nodes=1
Jan 28 15:58:17 hikey970 kernel: [    0.000000] Preemptible hierarchical RCU implementation.
Jan 28 15:58:17 hikey970 kernel: [    0.000000] 	Build-time adjustment of leaf fanout to 64.
Jan 28 15:58:17 hikey970 kernel: [    0.000000] 	RCU restricting CPUs from NR_CPUS=64 to nr_cpu_ids=8.
Jan 28 15:58:17 hikey970 kernel: [    0.000000] RCU: Adjusting geometry for rcu_fanout_leaf=64, nr_cpu_ids=8
Jan 28 15:58:17 hikey970 kernel: [    0.000000] NR_IRQS:64 nr_irqs:64 0
Jan 28 15:58:17 hikey970 kernel: [    0.000000] arm_arch_timer: Architected cp15 timer(s) running at 1.92MHz (phys).
Jan 28 15:58:17 hikey970 kernel: [    0.000000] clocksource: arch_sys_counter: mask: 0xffffffffffffff max_cycles: 0x1c570327e, max_idle_ns: 1763180809505 ns
Jan 28 15:58:17 hikey970 kernel: [    0.000003] sched_clock: 56 bits at 1920kHz, resolution 520ns, wraps every 4398046510977ns
Jan 28 15:58:17 hikey970 kernel: [    0.000304] Console: colour dummy device 80x25
Jan 28 15:58:17 hikey970 kernel: [    0.000323] console [tty0] enabled
Jan 28 15:58:17 hikey970 kernel: [    0.000340] Calibrating delay loop (skipped), value calculated using timer frequency.. 3.84 BogoMIPS (lpj=7680)
Jan 28 15:58:17 hikey970 kernel: [    0.000345] pid_max: default: 32768 minimum: 301
Jan 28 15:58:17 hikey970 kernel: [    0.000380] Security Framework initialized
Jan 28 15:58:17 hikey970 kernel: [    0.000385] SELinux:  Initializing.
Jan 28 15:58:17 hikey970 kernel: [    0.000414] SELinux:  Starting in permissive mode
Jan 28 15:58:17 hikey970 kernel: [    0.000432] Mount-cache hash table entries: 16384 (order: 5, 131072 bytes)
Jan 28 15:58:17 hikey970 kernel: [    0.000435] Mountpoint-cache hash table entries: 16384 (order: 5, 131072 bytes)
Jan 28 15:58:17 hikey970 kernel: [    0.001629] sched-energy: Sched-energy-costs installed from DT
Jan 28 15:58:17 hikey970 kernel: [    0.001633] CPU0: update cpu_capacity 360
Jan 28 15:58:17 hikey970 kernel: [    0.001639] ASID allocator initialised with 32768 entries
Jan 28 15:58:17 hikey970 kernel: [    0.031937] /soc/interrupt-controller@0xf4000000: Unable to locate ITS domain
Jan 28 15:58:17 hikey970 kernel: [    0.039267] /soc/interrupt-controller@0xf4000000: unable to locate ITS domain
Jan 28 15:58:17 hikey970 kernel: [    0.047216] EFI runtime services will be disabled.
Jan 28 15:58:17 hikey970 kernel: [    0.094760] Detected VIPT I-cache on CPU1
Jan 28 15:58:17 hikey970 kernel: [    0.094797] CPU1: update cpu_capacity 360
Jan 28 15:58:17 hikey970 kernel: [    0.094798] CPU1: Booted secondary processor [410fd034]
Jan 28 15:58:17 hikey970 kernel: [    0.126774] Detected VIPT I-cache on CPU2
Jan 28 15:58:17 hikey970 kernel: [    0.126791] CPU2: update cpu_capacity 360
Jan 28 15:58:17 hikey970 kernel: [    0.126793] CPU2: Booted secondary processor [410fd034]
Jan 28 15:58:17 hikey970 kernel: [    0.158810] Detected VIPT I-cache on CPU3
Jan 28 15:58:17 hikey970 kernel: [    0.158826] CPU3: update cpu_capacity 360
Jan 28 15:58:17 hikey970 kernel: [    0.158828] CPU3: Booted secondary processor [410fd034]
Jan 28 15:58:17 hikey970 kernel: [    0.191348] Detected VIPT I-cache on CPU4
Jan 28 15:58:17 hikey970 kernel: [    0.191355] CPU features: SANITY CHECK: Unexpected variation in SYS_ID_AA64MMFR0_EL1. Boot CPU: 0x00000000001122, CPU4: 0x00000000101122
Jan 28 15:58:17 hikey970 kernel: [    0.191359] CPU features: Unsupported CPU feature variation detected.
Jan 28 15:58:17 hikey970 kernel: [    0.191374] CPU4: update cpu_capacity 1024
Jan 28 15:58:17 hikey970 kernel: [    0.191376] CPU4: Booted secondary processor [410fd092]
Jan 28 15:58:17 hikey970 kernel: [    0.222880] Detected VIPT I-cache on CPU5
Jan 28 15:58:17 hikey970 kernel: [    0.222883] CPU features: SANITY CHECK: Unexpected variation in SYS_ID_AA64MMFR0_EL1. Boot CPU: 0x00000000001122, CPU5: 0x00000000101122
Jan 28 15:58:17 hikey970 kernel: [    0.222894] CPU5: update cpu_capacity 1024
Jan 28 15:58:17 hikey970 kernel: [    0.222895] CPU5: Booted secondary processor [410fd092]
Jan 28 15:58:17 hikey970 kernel: [    0.254926] Detected VIPT I-cache on CPU6
Jan 28 15:58:17 hikey970 kernel: [    0.254930] CPU features: SANITY CHECK: Unexpected variation in SYS_ID_AA64MMFR0_EL1. Boot CPU: 0x00000000001122, CPU6: 0x00000000101122
Jan 28 15:58:17 hikey970 kernel: [    0.254941] CPU6: update cpu_capacity 1024
Jan 28 15:58:17 hikey970 kernel: [    0.254942] CPU6: Booted secondary processor [410fd092]
Jan 28 15:58:17 hikey970 kernel: [    0.286967] Detected VIPT I-cache on CPU7
Jan 28 15:58:17 hikey970 kernel: [    0.286971] CPU features: SANITY CHECK: Unexpected variation in SYS_ID_AA64MMFR0_EL1. Boot CPU: 0x00000000001122, CPU7: 0x00000000101122
Jan 28 15:58:17 hikey970 kernel: [    0.286982] CPU7: update cpu_capacity 1024
Jan 28 15:58:17 hikey970 kernel: [    0.286983] CPU7: Booted secondary processor [410fd092]
Jan 28 15:58:17 hikey970 kernel: [    0.287032] Brought up 8 CPUs
Jan 28 15:58:17 hikey970 kernel: [    0.287035] SMP: Total of 8 processors activated.
Jan 28 15:58:17 hikey970 kernel: [    0.287039] CPU features: detected feature: 32-bit EL0 Support
Jan 28 15:58:17 hikey970 kernel: [    0.287258] CPU: All CPU(s) started at EL2
Jan 28 15:58:17 hikey970 kernel: [    0.287287] alternatives: patching kernel code
Jan 28 15:58:17 hikey970 kernel: [    0.289348] devtmpfs: initialized
Jan 28 15:58:17 hikey970 kernel: [    0.293241] DMI not present or invalid.
Jan 28 15:58:17 hikey970 kernel: [    0.293357] clocksource: jiffies: mask: 0xffffffff max_cycles: 0xffffffff, max_idle_ns: 7645041785100000 ns
Jan 28 15:58:17 hikey970 kernel: [    0.293364] futex hash table entries: 2048 (order: 6, 262144 bytes)
Jan 28 15:58:17 hikey970 kernel: [    0.294031] pinctrl core: initialized pinctrl subsystem
Jan 28 15:58:17 hikey970 kernel: [    0.294676] NET: Registered protocol family 16
Jan 28 15:58:17 hikey970 kernel: [    0.294997] schedtune: init normalization constants...
Jan 28 15:58:17 hikey970 kernel: [    0.295005] schedtune: CLUSTER[0-3]      min_pwr:     0 max_pwr:    55
Jan 28 15:58:17 hikey970 kernel: [    0.295007] schedtune: CPU[0]            min_pwr:     0 max_pwr:   283
Jan 28 15:58:17 hikey970 kernel: [    0.295009] schedtune: CPU[1]            min_pwr:     0 max_pwr:   283
Jan 28 15:58:17 hikey970 kernel: [    0.295011] schedtune: CPU[2]            min_pwr:     0 max_pwr:   283
Jan 28 15:58:17 hikey970 kernel: [    0.295014] schedtune: CPU[3]            min_pwr:     0 max_pwr:   283
Jan 28 15:58:17 hikey970 kernel: [    0.295016] schedtune: CLUSTER[4-7]      min_pwr:     0 max_pwr:   218
Jan 28 15:58:17 hikey970 kernel: [    0.295019] schedtune: CPU[4]            min_pwr:     0 max_pwr:  1105
Jan 28 15:58:17 hikey970 kernel: [    0.295020] schedtune: CPU[5]            min_pwr:     0 max_pwr:  1105
Jan 28 15:58:17 hikey970 kernel: [    0.295022] schedtune: CPU[6]            min_pwr:     0 max_pwr:  1105
Jan 28 15:58:17 hikey970 kernel: [    0.295024] schedtune: CPU[7]            min_pwr:     0 max_pwr:  1105
Jan 28 15:58:17 hikey970 kernel: [    0.295028] schedtune: SYSTEM            min_pwr:     0 max_pwr:  5825
Jan 28 15:58:17 hikey970 kernel: [    0.295031] schedtune: using normalization constants mul: 1745268256 sh1: 1 sh2: 12
Jan 28 15:58:17 hikey970 kernel: [    0.295032] schedtune: configured to support 5 boost groups
Jan 28 15:58:17 hikey970 kernel: [    0.306898] cpuidle: using governor ladder
Jan 28 15:58:17 hikey970 kernel: [    0.326876] cpuidle: using governor menu
Jan 28 15:58:17 hikey970 kernel: [    0.327223] vdso: 2 pages (1 code @ ffff000008cb7000, 1 data @ ffff0000095e4000)
Jan 28 15:58:17 hikey970 kernel: [    0.327229] hw-breakpoint: found 6 breakpoint and 4 watchpoint registers.
Jan 28 15:58:17 hikey970 kernel: [    0.327613] DMA: preallocated 256 KiB pool for atomic allocations
Jan 28 15:58:17 hikey970 kernel: [    0.327742] Serial: AMBA PL011 UART driver
Jan 28 15:58:17 hikey970 kernel: [    0.327883] pstore: using zlib compression
Jan 28 15:58:17 hikey970 kernel: [    0.327906] console [pstore-1] enabled
Jan 28 15:58:17 hikey970 kernel: [    0.327907] pstore: Registered ramoops as persistent store backend
Jan 28 15:58:17 hikey970 kernel: [    0.327908] ramoops: attached 0x100000@0x20a00000, ecc: 0/0
Jan 28 15:58:17 hikey970 kernel: [    0.328227] pinctrl-single e896c000.pinmux: 459 pins at pa ffff000008047000 size 1836
Jan 28 15:58:17 hikey970 kernel: [    0.328451] pinctrl-single fff11000.pinmux: 463 pins at pa ffff000008049000 size 1852
Jan 28 15:58:17 hikey970 kernel: [    0.328508] pinctrl-single fc182000.pinmux: 10 pins at pa ffff00000804b000 size 40
Jan 28 15:58:17 hikey970 kernel: [    0.328569] pinctrl-single ff37e000.pinmux: 12 pins at pa ffff00000804d000 size 48
Jan 28 15:58:17 hikey970 kernel: [    0.328804] pinctrl-single e896c800.pinmux: 459 pins at pa ffff00000804f800 size 1836
Jan 28 15:58:17 hikey970 kernel: [    0.329025] pinctrl-single fff11800.pinmux: 463 pins at pa ffff000008051800 size 1852
Jan 28 15:58:17 hikey970 kernel: [    0.329087] pinctrl-single fc182800.pinmux: 10 pins at pa ffff000008053800 size 40
Jan 28 15:58:17 hikey970 kernel: [    0.329161] pinctrl-single ff37e800.pinmux: 12 pins at pa ffff000008055800 size 48
Jan 28 15:58:17 hikey970 kernel: [    0.353716] ffd74000.serial: ttyAMA3 at MMIO 0xffd74000 (irq = 6, base_baud = 0) is a PL011 rev2
Jan 28 15:58:17 hikey970 kernel: [    0.353951] fdf01000.serial: ttyAMA4 at MMIO 0xfdf01000 (irq = 7, base_baud = 0) is a PL011 rev2
Jan 28 15:58:17 hikey970 kernel: [    0.354112] fff32000.serial: ttyAMA6 at MMIO 0xfff32000 (irq = 8, base_baud = 0) is a PL011 rev2
Jan 28 15:58:17 hikey970 kernel: [    0.354121] console [ttyAMA6] enabled
Jan 28 15:58:17 hikey970 kernel: [    0.354123] bootconsole [pl11] disabled
Jan 28 15:58:17 hikey970 kernel: [    0.354247] hisi-dma64 fdf30000.dma: dma_channels:0x10 dma_requests:0x20 dma_min_chan:0x1 
Jan 28 15:58:17 hikey970 kernel: [    0.354857] hisi-dma64 fdf30000.dma: initialized
Jan 28 15:58:17 hikey970 kernel: [    0.354858] hisi-dma64 fdf30000.dma: hisi_dma64_probe  ok!
Jan 28 15:58:17 hikey970 kernel: [    0.358134] HISI SPMI probe
Jan 28 15:58:17 hikey970 kernel: [    0.379304] HugeTLB registered 2 MB page size, pre-allocated 0 pages
Jan 28 15:58:17 hikey970 kernel: [    0.380352] pl061_gpio e8a0b000.gpio: PL061 GPIO chip @0x00000000e8a0b000 registered
Jan 28 15:58:17 hikey970 kernel: [    0.380516] pl061_gpio e8a0c000.gpio: PL061 GPIO chip @0x00000000e8a0c000 registered
Jan 28 15:58:17 hikey970 kernel: [    0.380669] pl061_gpio e8a0d000.gpio: PL061 GPIO chip @0x00000000e8a0d000 registered
Jan 28 15:58:17 hikey970 kernel: [    0.380826] pl061_gpio e8a0e000.gpio: PL061 GPIO chip @0x00000000e8a0e000 registered
Jan 28 15:58:17 hikey970 kernel: [    0.380977] pl061_gpio e8a0f000.gpio: PL061 GPIO chip @0x00000000e8a0f000 registered
Jan 28 15:58:17 hikey970 kernel: [    0.381131] pl061_gpio e8a10000.gpio: PL061 GPIO chip @0x00000000e8a10000 registered
Jan 28 15:58:17 hikey970 kernel: [    0.381292] pl061_gpio e8a11000.gpio: PL061 GPIO chip @0x00000000e8a11000 registered
Jan 28 15:58:17 hikey970 kernel: [    0.381457] pl061_gpio e8a12000.gpio: PL061 GPIO chip @0x00000000e8a12000 registered
Jan 28 15:58:17 hikey970 kernel: [    0.381617] pl061_gpio e8a13000.gpio: PL061 GPIO chip @0x00000000e8a13000 registered
Jan 28 15:58:17 hikey970 kernel: [    0.381775] pl061_gpio e8a14000.gpio: PL061 GPIO chip @0x00000000e8a14000 registered
Jan 28 15:58:17 hikey970 kernel: [    0.381929] pl061_gpio e8a15000.gpio: PL061 GPIO chip @0x00000000e8a15000 registered
Jan 28 15:58:17 hikey970 kernel: [    0.382084] pl061_gpio e8a16000.gpio: PL061 GPIO chip @0x00000000e8a16000 registered
Jan 28 15:58:17 hikey970 kernel: [    0.382233] pl061_gpio e8a17000.gpio: PL061 GPIO chip @0x00000000e8a17000 registered
Jan 28 15:58:17 hikey970 kernel: [    0.382391] pl061_gpio e8a18000.gpio: PL061 GPIO chip @0x00000000e8a18000 registered
Jan 28 15:58:17 hikey970 kernel: [    0.382542] pl061_gpio e8a19000.gpio: PL061 GPIO chip @0x00000000e8a19000 registered
Jan 28 15:58:17 hikey970 kernel: [    0.382703] pl061_gpio e8a1a000.gpio: PL061 GPIO chip @0x00000000e8a1a000 registered
Jan 28 15:58:17 hikey970 kernel: [    0.382858] pl061_gpio e8a1b000.gpio: PL061 GPIO chip @0x00000000e8a1b000 registered
Jan 28 15:58:17 hikey970 kernel: [    0.383333] pl061_gpio e8a1c000.gpio: PL061 GPIO chip @0x00000000e8a1c000 registered
Jan 28 15:58:17 hikey970 kernel: [    0.383514] pl061_gpio fff28000.gpio: PL061 GPIO chip @0x00000000fff28000 registered
Jan 28 15:58:17 hikey970 kernel: [    0.383675] pl061_gpio fff29000.gpio: PL061 GPIO chip @0x00000000fff29000 registered
Jan 28 15:58:17 hikey970 kernel: [    0.383836] pl061_gpio e8a1f000.gpio: PL061 GPIO chip @0x00000000e8a1f000 registered
Jan 28 15:58:17 hikey970 kernel: [    0.383992] pl061_gpio e8a20000.gpio: PL061 GPIO chip @0x00000000e8a20000 registered
Jan 28 15:58:17 hikey970 kernel: [    0.384151] pl061_gpio fff0b000.gpio: PL061 GPIO chip @0x00000000fff0b000 registered
Jan 28 15:58:17 hikey970 kernel: [    0.384329] pl061_gpio fff0c000.gpio: PL061 GPIO chip @0x00000000fff0c000 registered
Jan 28 15:58:17 hikey970 kernel: [    0.384496] pl061_gpio fff0d000.gpio: PL061 GPIO chip @0x00000000fff0d000 registered
Jan 28 15:58:17 hikey970 kernel: [    0.384656] pl061_gpio fff0e000.gpio: PL061 GPIO chip @0x00000000fff0e000 registered
Jan 28 15:58:17 hikey970 kernel: [    0.384812] pl061_gpio fff0f000.gpio: PL061 GPIO chip @0x00000000fff0f000 registered
Jan 28 15:58:17 hikey970 kernel: [    0.384969] pl061_gpio fff10000.gpio: PL061 GPIO chip @0x00000000fff10000 registered
Jan 28 15:58:17 hikey970 kernel: [    0.385126] pl061_gpio fff1d000.gpio: PL061 GPIO chip @0x00000000fff1d000 registered
Jan 28 15:58:17 hikey970 kernel: [    0.385300] ACPI: Interpreter disabled.
Jan 28 15:58:17 hikey970 kernel: [    0.399830] vgaarb: loaded
Jan 28 15:58:17 hikey970 kernel: [    0.399936] SCSI subsystem initialized
Jan 28 15:58:17 hikey970 kernel: [    0.400085] libata version 3.00 loaded.
Jan 28 15:58:17 hikey970 kernel: [    0.400197] ssp-pl022 ffd70000.spi: ARM PL022 driver, device ID: 0x00041022
Jan 28 15:58:17 hikey970 kernel: [    0.400217] ssp-pl022 ffd70000.spi: mapped registers from 0x00000000ffd70000 to ffff0000098eb000
Jan 28 15:58:17 hikey970 kernel: [    0.400249] ssp-pl022 ffd70000.spi: setup for DMA on RX dma0chan0, TX dma0chan1
Jan 28 15:58:17 hikey970 kernel: [    0.400652] usbcore: registered new interface driver usbfs
Jan 28 15:58:17 hikey970 kernel: [    0.400669] usbcore: registered new interface driver hub
Jan 28 15:58:17 hikey970 kernel: [    0.400708] usbcore: registered new device driver usb
Jan 28 15:58:17 hikey970 kernel: [    0.400717] tcpc_class_init_1.1.1_G
Jan 28 15:58:17 hikey970 kernel: [    0.400723] TCPC class init OK
Jan 28 15:58:17 hikey970 kernel: [    0.400726] Init Richtek RegMap
Jan 28 15:58:17 hikey970 kernel: [    0.401188] Linux video capture interface: v2.00
Jan 28 15:58:17 hikey970 kernel: [    0.401207] pps_core: LinuxPPS API ver. 1 registered
Jan 28 15:58:17 hikey970 kernel: [    0.401208] pps_core: Software ver. 5.3.6 - Copyright 2005-2007 Rodolfo Giometti <giometti@linux.it>
Jan 28 15:58:17 hikey970 kernel: [    0.401216] PTP clock support registered
Jan 28 15:58:17 hikey970 kernel: [    0.401278] dmi: Firmware registration failed.
Jan 28 15:58:17 hikey970 kernel: [    0.405930] Registered efivars operations
Jan 28 15:58:17 hikey970 kernel: [    0.406042] Ion: invalid heap-name in node iommu_info, please check the name 
Jan 28 15:58:17 hikey970 kernel: [    0.413191] Ion: invalid heap-name in node linear, please check the name 
Jan 28 15:58:17 hikey970 kernel: [    0.419989] Ion: node name [heap_sys_user], heap-name [sys_heap]
Jan 28 15:58:17 hikey970 kernel: [    0.426006] Ion: heap index 0 : name sys_heap base 0x0 size 0x0 id 0 type 0
Jan 28 15:58:17 hikey970 kernel: [    0.432987] Ion: heap sys_heap base =0, try to find dynamic area 
Jan 28 15:58:17 hikey970 kernel: [    0.439079] Ion: name = sys_heap, table name carveout_gralloc 
Jan 28 15:58:17 hikey970 kernel: [    0.444908] Ion: name = sys_heap, table name  
Jan 28 15:58:17 hikey970 kernel: [    0.449348] Ion: name = sys_heap, table name  
Jan 28 15:58:17 hikey970 kernel: [    0.453789] Ion: name = sys_heap, table name  
Jan 28 15:58:17 hikey970 kernel: [    0.458229] Ion: name = sys_heap, table name  
Jan 28 15:58:17 hikey970 kernel: [    0.462675] Ion: node name [heap_carveout_gralloc], heap-name [carveout_gralloc]
Jan 28 15:58:17 hikey970 kernel: [    0.470071] Ion: heap index 1 : name carveout_gralloc base 0x0 size 0x0 id 2 type 2
Jan 28 15:58:17 hikey970 kernel: [    0.477724] Ion: heap carveout_gralloc base =0, try to find dynamic area 
Jan 28 15:58:17 hikey970 kernel: [    0.484508] Ion: name = carveout_gralloc, table name carveout_gralloc 
Jan 28 15:58:17 hikey970 kernel: [    0.491032] Ion: have found heap name carveout_gralloc base = 0xbc800000, size 31457280
Jan 28 15:58:17 hikey970 kernel: [    0.499033] in hisi_ion_enable_iommu start
Jan 28 15:58:17 hikey970 kernel: [    0.499047] of_get_iova_info:start_addr 0x40000, size 0xbffc0000 align 0x8000
Jan 28 15:58:17 hikey970 kernel: [    0.506180] in hisi_ion_enable_iommu end
Jan 28 15:58:17 hikey970 kernel: [    0.506182] Ion: id 0  name sys_heap base 0 size 0
Jan 28 15:58:17 hikey970 kernel: [    0.506254] Ion: adding heap sys_heap of type 0 with 0@0
Jan 28 15:58:17 hikey970 kernel: [    0.506256] Ion: id 1  name carveout_gralloc base 3162505216 size 31457280
Jan 28 15:58:17 hikey970 kernel: [    0.509955] Ion: adding heap carveout_gralloc of type 2 with bc800000@1e00000
Jan 28 15:58:17 hikey970 kernel: [    0.510072] Advanced Linux Sound Architecture Driver Initialized.
Jan 28 15:58:17 hikey970 kernel: [    0.510267] Bluetooth: Core ver 2.22
Jan 28 15:58:17 hikey970 kernel: [    0.510281] NET: Registered protocol family 31
Jan 28 15:58:17 hikey970 kernel: [    0.510282] Bluetooth: HCI device and connection manager initialized
Jan 28 15:58:17 hikey970 kernel: [    0.510286] Bluetooth: HCI socket layer initialized
Jan 28 15:58:17 hikey970 kernel: [    0.510289] Bluetooth: L2CAP socket layer initialized
Jan 28 15:58:17 hikey970 kernel: [    0.510298] Bluetooth: SCO socket layer initialized
Jan 28 15:58:17 hikey970 kernel: [    0.510571] no hisilicon,hisi-pmic-irq-num1 property set
Jan 28 15:58:17 hikey970 kernel: [    0.515884] hisi_pmic 2-00: the platform don't support ext-interrupt.
Jan 28 15:58:17 hikey970 kernel: [    0.522388] [hisi_pmic_probe]. pmic->irqs[0] = 304
Jan 28 15:58:17 hikey970 kernel: [    0.522398] [hisi_pmic_probe]. pmic->irqs[1] = 305
Jan 28 15:58:17 hikey970 kernel: [    0.522409] [hisi_pmic_probe]. pmic->irqs[2] = 306
Jan 28 15:58:17 hikey970 kernel: [    0.522419] [hisi_pmic_probe]. pmic->irqs[3] = 307
Jan 28 15:58:17 hikey970 kernel: [    0.522429] [hisi_pmic_probe]. pmic->irqs[4] = 308
Jan 28 15:58:17 hikey970 kernel: [    0.522438] [hisi_pmic_probe]. pmic->irqs[5] = 309
Jan 28 15:58:17 hikey970 kernel: [    0.522447] [hisi_pmic_probe]. pmic->irqs[6] = 310
Jan 28 15:58:17 hikey970 kernel: [    0.522456] [hisi_pmic_probe]. pmic->irqs[7] = 311
Jan 28 15:58:17 hikey970 kernel: [    0.522465] [hisi_pmic_probe]. pmic->irqs[8] = 312
Jan 28 15:58:17 hikey970 kernel: [    0.522472] [hisi_pmic_probe]. pmic->irqs[9] = 313
Jan 28 15:58:17 hikey970 kernel: [    0.522481] [hisi_pmic_probe]. pmic->irqs[10] = 314
Jan 28 15:58:17 hikey970 kernel: [    0.522489] [hisi_pmic_probe]. pmic->irqs[11] = 315
Jan 28 15:58:17 hikey970 kernel: [    0.522496] [hisi_pmic_probe]. pmic->irqs[12] = 316
Jan 28 15:58:17 hikey970 kernel: [    0.522504] [hisi_pmic_probe]. pmic->irqs[13] = 317
Jan 28 15:58:17 hikey970 kernel: [    0.522511] [hisi_pmic_probe]. pmic->irqs[14] = 318
Jan 28 15:58:17 hikey970 kernel: [    0.522519] [hisi_pmic_probe]. pmic->irqs[15] = 319
Jan 28 15:58:17 hikey970 kernel: [    0.522779] clocksource: Switched to clocksource arch_sys_counter
Jan 28 15:58:17 hikey970 kernel: [    0.522843] VFS: Disk quotas dquot_6.6.0
Jan 28 15:58:17 hikey970 kernel: [    0.522871] VFS: Dquot-cache hash table entries: 512 (order 0, 4096 bytes)
Jan 28 15:58:17 hikey970 kernel: [    0.522939] pnp: PnP ACPI: disabled
Jan 28 15:58:17 hikey970 kernel: [    0.529596] <[hisi_dt_parse_ip_atf]: regulator_id=0, ppll0_clock_set_rate_flag=0>
Jan 28 15:58:17 hikey970 kernel: [    0.537245] <[hisi_dt_parse_ip_atf]: regulator_id=1, ppll0_clock_set_rate_flag=0>
Jan 28 15:58:17 hikey970 kernel: [    0.544777] vivobus: supplied by media1_subsys
Jan 28 15:58:17 hikey970 kernel: [    0.544804] <[hisi_ip_to_atf_is_enabled]:regulator_id=1>
Jan 28 15:58:17 hikey970 kernel: [    0.550211] <[hisi_dt_parse_ip_atf]: regulator_id=8, ppll0_clock_set_rate_flag=0>
Jan 28 15:58:17 hikey970 kernel: [    0.557811] <[hisi_dt_parse_ip_atf]: regulator_id=2, ppll0_clock_set_rate_flag=0>
Jan 28 15:58:17 hikey970 kernel: [    0.565321] vcodecsubsys: supplied by media2_subsys
Jan 28 15:58:17 hikey970 kernel: [    0.565335] <[hisi_ip_to_atf_is_enabled]:regulator_id=2>
Jan 28 15:58:17 hikey970 kernel: [    0.570744] <[hisi_dt_parse_ip_atf]: regulator_id=3, ppll0_clock_set_rate_flag=0>
Jan 28 15:58:17 hikey970 kernel: [    0.578253] dsssubsys: supplied by vivobus
Jan 28 15:58:17 hikey970 kernel: [    0.578265] <[hisi_ip_to_atf_is_enabled]:regulator_id=3>
Jan 28 15:58:17 hikey970 kernel: [    0.583675] <[hisi_dt_parse_ip_atf]: regulator_id=4, ppll0_clock_set_rate_flag=0>
Jan 28 15:58:17 hikey970 kernel: [    0.591182] ispsubsys: supplied by vivobus
Jan 28 15:58:17 hikey970 kernel: [    0.591206] <[hisi_ip_to_atf_is_enabled]:regulator_id=4>
Jan 28 15:58:17 hikey970 kernel: [    0.596614] <[hisi_dt_parse_ip_atf]: regulator_id=5, ppll0_clock_set_rate_flag=0>
Jan 28 15:58:17 hikey970 kernel: [    0.604124] vdec: supplied by vcodecsubsys
Jan 28 15:58:17 hikey970 kernel: [    0.604134] <[hisi_ip_to_atf_is_enabled]:regulator_id=5>
Jan 28 15:58:17 hikey970 kernel: [    0.609543] <[hisi_dt_parse_ip_atf]: regulator_id=6, ppll0_clock_set_rate_flag=0>
Jan 28 15:58:17 hikey970 kernel: [    0.617051] venc: supplied by vcodecsubsys
Jan 28 15:58:17 hikey970 kernel: [    0.617061] <[hisi_ip_to_atf_is_enabled]:regulator_id=6>
Jan 28 15:58:17 hikey970 kernel: [    0.622466] <[hisi_dt_parse_ip_atf]: regulator_id=7, ppll0_clock_set_rate_flag=0>
Jan 28 15:58:17 hikey970 kernel: [    0.629972] isp_srt: supplied by ispsubsys
Jan 28 15:58:17 hikey970 kernel: [    0.629996] <[hisi_ip_to_atf_is_enabled]:regulator_id=7>
Jan 28 15:58:17 hikey970 kernel: [    0.635529] NET: Registered protocol family 2
Jan 28 15:58:17 hikey970 kernel: [    0.635753] TCP established hash table entries: 65536 (order: 7, 524288 bytes)
Jan 28 15:58:17 hikey970 kernel: [    0.635933] TCP bind hash table entries: 65536 (order: 8, 1048576 bytes)
Jan 28 15:58:17 hikey970 kernel: [    0.636201] TCP: Hash tables configured (established 65536 bind 65536)
Jan 28 15:58:17 hikey970 kernel: [    0.636233] UDP hash table entries: 4096 (order: 5, 131072 bytes)
Jan 28 15:58:17 hikey970 kernel: [    0.636266] UDP-Lite hash table entries: 4096 (order: 5, 131072 bytes)
Jan 28 15:58:17 hikey970 kernel: [    0.636370] NET: Registered protocol family 1
Jan 28 15:58:17 hikey970 kernel: [    0.636384] PCI: CLS 0 bytes, default 128
Jan 28 15:58:17 hikey970 kernel: [    0.636814] kvm [1]: 8-bit VMID
Jan 28 15:58:17 hikey970 kernel: [    0.636817] kvm [1]: IDMAP page: ca0000
Jan 28 15:58:17 hikey970 kernel: [    0.636818] kvm [1]: HYP VA range: 800000000000:ffffffffffff
Jan 28 15:58:17 hikey970 kernel: [    0.637359] kvm [1]: Hyp mode initialized successfully
Jan 28 15:58:17 hikey970 kernel: [    0.637389] kvm [1]: virtual timer IRQ4
Jan 28 15:58:17 hikey970 kernel: [    0.638492] audit: initializing netlink subsys (disabled)
Jan 28 15:58:17 hikey970 kernel: [    0.638523] audit: type=2000 audit(0.623:1): initialized
Jan 28 15:58:17 hikey970 kernel: [    0.638712] workingset: timestamp_bits=46 max_order=21 bucket_order=0
Jan 28 15:58:17 hikey970 kernel: [    0.641128] squashfs: version 4.0 (2009/01/31) Phillip Lougher
Jan 28 15:58:17 hikey970 kernel: [    0.641196] Registering sdcardfs 0.1
Jan 28 15:58:17 hikey970 kernel: [    0.641345] fuse init (API version 7.26)
Jan 28 15:58:17 hikey970 kernel: [    0.641453] 9p: Installing v9fs 9p2000 file system support
Jan 28 15:58:17 hikey970 kernel: [    0.641557] SELinux:  Registering netfilter hooks
Jan 28 15:58:17 hikey970 kernel: [    0.642794] Block layer SCSI generic (bsg) driver version 0.4 loaded (major 247)
Jan 28 15:58:17 hikey970 kernel: [    0.642797] io scheduler noop registered
Jan 28 15:58:17 hikey970 kernel: [    0.642834] io scheduler cfq registered (default)
Jan 28 15:58:17 hikey970 kernel: [    0.643583] libphy: mdio_driver_register: phy-bcm-ns2-pci
Jan 28 15:58:17 hikey970 kernel: [    0.644739] Kirin-pcie f4000000.pcie: eye_param_vboost = [0xffffffff]
Jan 28 15:58:17 hikey970 kernel: [    0.651203] Kirin-pcie f4000000.pcie: eye_param_iboost = [0xffffffff]
Jan 28 15:58:17 hikey970 kernel: [    0.657644] Kirin-pcie f4000000.pcie: eye_param_pre = [0xffffffff]
Jan 28 15:58:17 hikey970 kernel: [    0.663826] Kirin-pcie f4000000.pcie: eye_param_post = [0xffffffff]
Jan 28 15:58:17 hikey970 kernel: [    0.670094] Kirin-pcie f4000000.pcie: eye_param_main = [0xffffffff]
Jan 28 15:58:17 hikey970 kernel: [    0.710919] OF: PCI: host bridge /soc/pcie@f4000000 ranges:
Jan 28 15:58:17 hikey970 kernel: [    0.710927] OF: PCI:   MEM 0xf6000000..0xf7ffffff -> 0x00000000
Jan 28 15:58:17 hikey970 kernel: [    0.713330] Kirin-pcie f4000000.pcie: PCI host bridge to bus 0000:00
Jan 28 15:58:17 hikey970 kernel: [    0.713335] pci_bus 0000:00: root bus resource [bus 00-01]
Jan 28 15:58:17 hikey970 kernel: [    0.713340] pci_bus 0000:00: root bus resource [mem 0xf6000000-0xf7ffffff] (bus address [0x00000000-0x01ffffff])
Jan 28 15:58:17 hikey970 kernel: [    0.713363] pci 0000:00:00.0: [19e5:3670] type 01 class 0x060400
Jan 28 15:58:17 hikey970 kernel: [    0.713386] pci 0000:00:00.0: reg 0x10: [mem 0xf6000000-0xf6ffffff]
Jan 28 15:58:17 hikey970 kernel: [    0.713485] pci 0000:00:00.0: supports D1 D2
Jan 28 15:58:17 hikey970 kernel: [    0.713488] pci 0000:00:00.0: PME# supported from D0 D1 D2 D3hot
Jan 28 15:58:17 hikey970 kernel: [    0.713638] pci_bus 0000:01: busn_res: can not insert [bus 01-ff] under [bus 00-01] (conflicts with (null) [bus 00-01])
Jan 28 15:58:17 hikey970 kernel: [    0.713861] pci 0000:01:00.0: [10b5:8606] type 01 class 0x060400
Jan 28 15:58:17 hikey970 kernel: [    0.714082] pci 0000:01:00.0: reg 0x10: [mem 0xf6000000-0xf601ffff]
Jan 28 15:58:17 hikey970 kernel: [    0.715760] pci 0000:01:00.0: PME# supported from D0 D3hot D3cold
Jan 28 15:58:17 hikey970 kernel: [    0.726880] pci 0000:01:00.0: bridge configuration invalid ([bus 00-00]), reconfiguring
Jan 28 15:58:17 hikey970 kernel: [    0.727800] pci 0000:02:01.0: [10b5:8606] type 01 class 0x060400
Jan 28 15:58:17 hikey970 kernel: [    0.729639] pci 0000:02:01.0: PME# supported from D0 D3hot D3cold
Jan 28 15:58:17 hikey970 kernel: [    0.730496] pci 0000:02:04.0: [10b5:8606] type 01 class 0x060400
Jan 28 15:58:17 hikey970 kernel: [    0.732361] pci 0000:02:04.0: PME# supported from D0 D3hot D3cold
Jan 28 15:58:17 hikey970 kernel: [    0.733199] pci 0000:02:05.0: [10b5:8606] type 01 class 0x060400
Jan 28 15:58:17 hikey970 kernel: [    0.735044] pci 0000:02:05.0: PME# supported from D0 D3hot D3cold
Jan 28 15:58:17 hikey970 kernel: [    0.735926] pci 0000:02:07.0: [10b5:8606] type 01 class 0x060400
Jan 28 15:58:17 hikey970 kernel: [    0.737765] pci 0000:02:07.0: PME# supported from D0 D3hot D3cold
Jan 28 15:58:17 hikey970 kernel: [    0.738670] pci 0000:02:09.0: [10b5:8606] type 01 class 0x060400
Jan 28 15:58:17 hikey970 kernel: [    0.740513] pci 0000:02:09.0: PME# supported from D0 D3hot D3cold
Jan 28 15:58:17 hikey970 kernel: [    0.741699] pci 0000:02:01.0: bridge configuration invalid ([bus 00-00]), reconfiguring
Jan 28 15:58:17 hikey970 kernel: [    0.741811] pci 0000:02:04.0: bridge configuration invalid ([bus 00-00]), reconfiguring
Jan 28 15:58:17 hikey970 kernel: [    0.741922] pci 0000:02:05.0: bridge configuration invalid ([bus 00-00]), reconfiguring
Jan 28 15:58:17 hikey970 kernel: [    0.742034] pci 0000:02:07.0: bridge configuration invalid ([bus 00-00]), reconfiguring
Jan 28 15:58:17 hikey970 kernel: [    0.742146] pci 0000:02:09.0: bridge configuration invalid ([bus 00-00]), reconfiguring
Jan 28 15:58:17 hikey970 kernel: [    0.742861] pci_bus 0000:03: busn_res: [bus 03-ff] end is updated to 03
Jan 28 15:58:17 hikey970 kernel: [    0.743506] pci_bus 0000:04: busn_res: [bus 04-ff] end is updated to 04
Jan 28 15:58:17 hikey970 kernel: [    0.744148] pci_bus 0000:05: busn_res: [bus 05-ff] end is updated to 05
Jan 28 15:58:17 hikey970 kernel: [    0.744994] pci 0000:06:00.0: [10ec:8168] type 00 class 0x020000
Jan 28 15:58:17 hikey970 kernel: [    0.745222] pci 0000:06:00.0: reg 0x10: [io  0x0000-0x00ff]
Jan 28 15:58:17 hikey970 kernel: [    0.745539] pci 0000:06:00.0: reg 0x18: [mem 0xf6000000-0xf6000fff 64bit]
Jan 28 15:58:17 hikey970 kernel: [    0.745743] pci 0000:06:00.0: reg 0x20: [mem 0xf6000000-0xf6003fff 64bit pref]
Jan 28 15:58:17 hikey970 kernel: [    0.747052] pci 0000:06:00.0: supports D1 D2
Jan 28 15:58:17 hikey970 kernel: [    0.747054] pci 0000:06:00.0: PME# supported from D0 D1 D2 D3hot D3cold
Jan 28 15:58:17 hikey970 kernel: [    0.748044] pci_bus 0000:06: busn_res: [bus 06-ff] end is updated to 06
Jan 28 15:58:17 hikey970 kernel: [    0.748685] pci_bus 0000:07: busn_res: [bus 07-ff] end is updated to 07
Jan 28 15:58:17 hikey970 kernel: [    0.748731] pci_bus 0000:02: busn_res: [bus 02-ff] end is updated to 07
Jan 28 15:58:17 hikey970 kernel: [    0.749601] pci 0000:00:00.0: BAR 0: assigned [mem 0xf6000000-0xf6ffffff]
Jan 28 15:58:17 hikey970 kernel: [    0.749607] pci 0000:00:00.0: BAR 14: assigned [mem 0xf7000000-0xf71fffff]
Jan 28 15:58:17 hikey970 kernel: [    0.749609] pci 0000:00:00.0: BAR 15: assigned [mem 0xf7200000-0xf72fffff pref]
Jan 28 15:58:17 hikey970 kernel: [    0.749611] pci 0000:00:00.0: BAR 13: no space for [io  size 0x1000]
Jan 28 15:58:17 hikey970 kernel: [    0.749614] pci 0000:00:00.0: BAR 13: failed to assign [io  size 0x1000]
Jan 28 15:58:17 hikey970 kernel: [    0.749618] pci 0000:01:00.0: BAR 14: assigned [mem 0xf7000000-0xf70fffff]
Jan 28 15:58:17 hikey970 kernel: [    0.749620] pci 0000:01:00.0: BAR 15: assigned [mem 0xf7200000-0xf72fffff 64bit pref]
Jan 28 15:58:17 hikey970 kernel: [    0.749622] pci 0000:01:00.0: BAR 0: assigned [mem 0xf7100000-0xf711ffff]
Jan 28 15:58:17 hikey970 kernel: [    0.749667] pci 0000:01:00.0: BAR 13: no space for [io  size 0x1000]
Jan 28 15:58:17 hikey970 kernel: [    0.749668] pci 0000:01:00.0: BAR 13: failed to assign [io  size 0x1000]
Jan 28 15:58:17 hikey970 kernel: [    0.749671] pci 0000:02:07.0: BAR 14: assigned [mem 0xf7000000-0xf70fffff]
Jan 28 15:58:17 hikey970 kernel: [    0.749673] pci 0000:02:07.0: BAR 15: assigned [mem 0xf7200000-0xf72fffff 64bit pref]
Jan 28 15:58:17 hikey970 kernel: [    0.749674] pci 0000:02:07.0: BAR 13: no space for [io  size 0x1000]
Jan 28 15:58:17 hikey970 kernel: [    0.749676] pci 0000:02:07.0: BAR 13: failed to assign [io  size 0x1000]
Jan 28 15:58:17 hikey970 kernel: [    0.749678] pci 0000:02:01.0: PCI bridge to [bus 03]
Jan 28 15:58:17 hikey970 kernel: [    0.749877] pci 0000:02:04.0: PCI bridge to [bus 04]
Jan 28 15:58:17 hikey970 kernel: [    0.750075] pci 0000:02:05.0: PCI bridge to [bus 05]
Jan 28 15:58:17 hikey970 kernel: [    0.750274] pci 0000:06:00.0: BAR 4: assigned [mem 0xf7200000-0xf7203fff 64bit pref]
Jan 28 15:58:17 hikey970 kernel: [    0.750433] pci 0000:06:00.0: BAR 2: assigned [mem 0xf7000000-0xf7000fff 64bit]
Jan 28 15:58:17 hikey970 kernel: [    0.750591] pci 0000:06:00.0: BAR 0: no space for [io  size 0x0100]
Jan 28 15:58:17 hikey970 kernel: [    0.750593] pci 0000:06:00.0: BAR 0: failed to assign [io  size 0x0100]
Jan 28 15:58:17 hikey970 kernel: [    0.750594] pci 0000:02:07.0: PCI bridge to [bus 06]
Jan 28 15:58:17 hikey970 kernel: [    0.750661] pci 0000:02:07.0:   bridge window [mem 0xf7000000-0xf70fffff]
Jan 28 15:58:17 hikey970 kernel: [    0.750706] pci 0000:02:07.0:   bridge window [mem 0xf7200000-0xf72fffff 64bit pref]
Jan 28 15:58:17 hikey970 kernel: [    0.750799] pci 0000:02:09.0: PCI bridge to [bus 07]
Jan 28 15:58:17 hikey970 kernel: [    0.750997] pci 0000:01:00.0: PCI bridge to [bus 02-07]
Jan 28 15:58:17 hikey970 kernel: [    0.751065] pci 0000:01:00.0:   bridge window [mem 0xf7000000-0xf70fffff]
Jan 28 15:58:17 hikey970 kernel: [    0.751109] pci 0000:01:00.0:   bridge window [mem 0xf7200000-0xf72fffff 64bit pref]
Jan 28 15:58:17 hikey970 kernel: [    0.751198] pci 0000:00:00.0: PCI bridge to [bus 01-ff]
Jan 28 15:58:17 hikey970 kernel: [    0.751204] pci 0000:00:00.0:   bridge window [mem 0xf7000000-0xf71fffff]
Jan 28 15:58:17 hikey970 kernel: [    0.751208] pci 0000:00:00.0:   bridge window [mem 0xf7200000-0xf72fffff pref]
Jan 28 15:58:17 hikey970 kernel: [    0.751366] pcieport 0000:00:00.0: Signaling PME through PCIe PME interrupt
Jan 28 15:58:17 hikey970 kernel: [    0.751368] pci 0000:01:00.0: Signaling PME through PCIe PME interrupt
Jan 28 15:58:17 hikey970 kernel: [    0.751369] pci 0000:02:01.0: Signaling PME through PCIe PME interrupt
Jan 28 15:58:17 hikey970 kernel: [    0.751370] pci 0000:02:04.0: Signaling PME through PCIe PME interrupt
Jan 28 15:58:17 hikey970 kernel: [    0.751372] pci 0000:02:05.0: Signaling PME through PCIe PME interrupt
Jan 28 15:58:17 hikey970 kernel: [    0.751373] pci 0000:02:07.0: Signaling PME through PCIe PME interrupt
Jan 28 15:58:17 hikey970 kernel: [    0.751374] pci 0000:06:00.0: Signaling PME through PCIe PME interrupt
Jan 28 15:58:17 hikey970 kernel: [    0.751375] pci 0000:02:09.0: Signaling PME through PCIe PME interrupt
Jan 28 15:58:17 hikey970 kernel: [    0.751379] pcie_pme 0000:00:00.0:pcie001: service driver pcie_pme loaded
Jan 28 15:58:17 hikey970 kernel: [    0.751689] aer 0000:00:00.0:pcie002: service driver aer loaded
Jan 28 15:58:17 hikey970 kernel: [    0.751828] pcieport 0000:01:00.0: enabling device (0000 -> 0002)
Jan 28 15:58:17 hikey970 kernel: [    0.759751] pcieport 0000:02:07.0: enabling device (0000 -> 0002)
Jan 28 15:58:17 hikey970 kernel: [    0.765205] hisi-asp-dma e804b000.asp_dmac: initialized
Jan 28 15:58:17 hikey970 kernel: [    0.765708] xenfs: not registering filesystem on non-xen platform
Jan 28 15:58:17 hikey970 kernel: [    0.766145] Serial: 8250/16550 driver, 4 ports, IRQ sharing disabled
Jan 28 15:58:17 hikey970 kernel: [    0.766811] SuperH (H)SCI(F) driver initialized
Jan 28 15:58:17 hikey970 kernel: [    0.766954] msm_serial: driver initialized
Jan 28 15:58:17 hikey970 kernel: [    0.767097] [drm] Initialized
Jan 28 15:58:17 hikey970 kernel: [    0.767448] [drm] the device node is dpe
Jan 28 15:58:17 hikey970 kernel: [    0.767481] [drm] the device remote node is dsi
Jan 28 15:58:17 hikey970 kernel: [    0.767511] kirin-drm e8600000.dpe: assigned reserved memory node drm_dma_mem_region
Jan 28 15:58:17 hikey970 kernel: [    0.767782] [drm] dss_pwm_clk:[80000000]->[83000000].
Jan 28 15:58:17 hikey970 kernel: [    0.767851] [drm] adv match_node ok 
Jan 28 15:58:17 hikey970 kernel: [    0.767862] [drm] adv parse_dt ok , adv7511->type = 1 <0--ADV7511, 1--ADV7533>
Jan 28 15:58:17 hikey970 kernel: [    0.767938] [drm]  adv75xx->vdd = 1800000 
Jan 28 15:58:17 hikey970 kernel: [    0.767944] [drm] adv7533_init_regulators ok 
Jan 28 15:58:17 hikey970 kernel: [    0.772968] [drm] adv get gpio_pd ok 
Jan 28 15:58:17 hikey970 kernel: [    0.773039] [drm] adv devm_regmap_init_i2c ok 
Jan 28 15:58:17 hikey970 kernel: [    0.773190] [drm] regmap_read ok, regmap_read Rev.= 20 
Jan 28 15:58:17 hikey970 kernel: [    0.775502] [drm] host attach, client name=[mipi-hikey], id=1
Jan 28 15:58:17 hikey970 kernel: [    0.775612] [drm] dsi  cur_client is 1  <0->hdmi;1->panel> 
Jan 28 15:58:17 hikey970 kernel: [    0.775741] [drm] dss_version_tag=0x40.
Jan 28 15:58:17 hikey970 kernel: [    0.775773] [drm] dss irq = 64. 
Jan 28 15:58:17 hikey970 kernel: [    0.775783] e8600000.dpe supply regulator_dsssubsys not found, using dummy regulator
Jan 28 15:58:17 hikey970 kernel: [    0.775802] e8600000.dpe supply regulator_media_subsys not found, using dummy regulator
Jan 28 15:58:17 hikey970 kernel: [    0.775844] in hisi_ion_enable_iommu start
Jan 28 15:58:17 hikey970 kernel: [    0.775845] ion domain already init return domain
Jan 28 15:58:17 hikey970 kernel: [    0.780651] [drm] host attach, client name=[adv7533], id=0
Jan 28 15:58:17 hikey970 kernel: [    0.780661] [drm] connector init
Jan 28 15:58:17 hikey970 kernel: [    0.780673] kirin-drm e8600000.dpe: bound e8601000.dsi (ops dsi_ops)
Jan 28 15:58:17 hikey970 kernel: [    0.780676] [drm] Supports vblank timestamp caching Rev 2 (21.10.2013).
Jan 28 15:58:17 hikey970 kernel: [    0.780677] [drm] No driver support for vblank timestamp query.
Jan 28 15:58:17 hikey970 kernel: [    0.780826] [drm] disconnected : regmap_read val = 0x90 
Jan 28 15:58:17 hikey970 kernel: [    0.780965] [drm] disconnected : regmap_read val = 0x90 
Jan 28 15:58:17 hikey970 kernel: [    0.801105] [drm] disconnected : regmap_read val = 0x90 
Jan 28 15:58:17 hikey970 kernel: [    0.821244] [drm] disconnected : regmap_read val = 0x90 
Jan 28 15:58:17 hikey970 kernel: [    0.841384] [drm] disconnected : regmap_read val = 0x90 
Jan 28 15:58:17 hikey970 kernel: [    0.861524] [drm] disconnected : regmap_read val = 0x90 
Jan 28 15:58:17 hikey970 kernel: [    0.881663] [drm] disconnected : regmap_read val = 0x90 
Jan 28 15:58:17 hikey970 kernel: [    0.901802] [drm] disconnected : regmap_read val = 0x90 
Jan 28 15:58:17 hikey970 kernel: [    0.921940] [drm] disconnected : regmap_read val = 0x90 
Jan 28 15:58:17 hikey970 kernel: [    0.942079] [drm] disconnected : regmap_read val = 0x90 
Jan 28 15:58:17 hikey970 kernel: [    0.962217] [drm] disconnected : regmap_read val = 0x90 
Jan 28 15:58:17 hikey970 kernel: [    0.982228] [drm:adv7511_detect.isra.7] *ERROR* Read connector status timout, time = 10 
Jan 28 15:58:17 hikey970 kernel: [    0.990322] [drm] hdmi connector status = 2 
Jan 28 15:58:17 hikey970 kernel: [    0.991368] kirin-drm e8600000.dpe: fb0:  frame buffer device
Jan 28 15:58:17 hikey970 kernel: [    1.006988] [drm] Initialized kirin 1.0.0 20170309 on minor 0
Jan 28 15:58:17 hikey970 kernel: [    1.007064] mali e82c0000.mali: Continuing without Mali regulator control
Jan 28 15:58:17 hikey970 kernel: [    1.007368] mali e82c0000.mali: GPU identified as 0x1 arch 6.2.2 r0p0 status 1
Jan 28 15:58:17 hikey970 kernel: [    1.007511] mali e82c0000.mali: Using coherency mode 1 set from dtb
Jan 28 15:58:17 hikey970 kernel: [    1.007646] mali e82c0000.mali: Using configured power model mali-simple-power-model, and fallback mali-simple-power-model
Jan 28 15:58:17 hikey970 kernel: [    1.007837] mali e82c0000.mali: Probed as mali0
Jan 28 15:58:17 hikey970 kernel: [    1.011069] brd: module loaded
Jan 28 15:58:17 hikey970 kernel: [    1.012729] loop: module loaded
Jan 28 15:58:17 hikey970 kernel: [    1.012943] (stk) :sysfs entries created
Jan 28 15:58:17 hikey970 kernel: [    1.012972] (hci_tty): inside hci_tty_init
Jan 28 15:58:17 hikey970 kernel: [    1.013019] (hci_tty): allocated 242, 0
Jan 28 15:58:17 hikey970 kernel: [    1.013060] gpio_hub_probe: step in
Jan 28 15:58:17 hikey970 kernel: [    1.013222] gpio_hub_init:gpio hub init status:0
Jan 28 15:58:17 hikey970 kernel: [    1.013584] ufshcd-hisi ff3c0000.ufs: ufshcd_populate_vreg: Unable to find vdd-hba-supply regulator, assuming enabled
Jan 28 15:58:17 hikey970 kernel: [    1.013586] ufshcd-hisi ff3c0000.ufs: ufshcd_populate_vreg: Unable to find vcc-supply regulator, assuming enabled
Jan 28 15:58:17 hikey970 kernel: [    1.013589] ufshcd-hisi ff3c0000.ufs: ufshcd_populate_vreg: Unable to find vccq-supply regulator, assuming enabled
Jan 28 15:58:17 hikey970 kernel: [    1.013591] ufshcd-hisi ff3c0000.ufs: ufshcd_populate_vreg: Unable to find vccq2-supply regulator, assuming enabled
Jan 28 15:58:17 hikey970 kernel: [    1.014785] Error reading temperature for gpu thermal zone: -22
Jan 28 15:58:17 hikey970 kernel: [    1.055848] scsi host0: ufshcd
Jan 28 15:58:17 hikey970 kernel: [    1.066856] hisi_sas: driver version v1.6
Jan 28 15:58:17 hikey970 kernel: [    1.067855] libphy: Fixed MDIO Bus: probed
Jan 28 15:58:17 hikey970 kernel: [    1.068016] tun: Universal TUN/TAP device driver, 1.6
Jan 28 15:58:17 hikey970 kernel: [    1.068017] tun: (C) 1999-2004 Max Krasnyansky <maxk@qualcomm.com>
Jan 28 15:58:17 hikey970 kernel: [    1.068103] CAN device driver interface
Jan 28 15:58:17 hikey970 kernel: [    1.078258] mcp251x spi32766.0: CANCTRL 0x87
Jan 28 15:58:17 hikey970 kernel: [    1.078473] mcp251x spi32766.0 can0: MCP2515 successfully initialized.
Jan 28 15:58:17 hikey970 kernel: [    1.078860] e1000e: Intel(R) PRO/1000 Network Driver - 3.2.6-k
Jan 28 15:58:17 hikey970 kernel: [    1.078861] e1000e: Copyright(c) 1999 - 2015 Intel Corporation.
Jan 28 15:58:17 hikey970 kernel: [    1.078894] igb: Intel(R) Gigabit Ethernet Network Driver - version 5.4.0-k
Jan 28 15:58:17 hikey970 kernel: [    1.078894] igb: Copyright (c) 2007-2014 Intel Corporation.
Jan 28 15:58:17 hikey970 kernel: [    1.078914] igbvf: Intel(R) Gigabit Virtual Function Network Driver - version 2.4.0-k
Jan 28 15:58:17 hikey970 kernel: [    1.078915] igbvf: Copyright (c) 2009 - 2012 Intel Corporation.
Jan 28 15:58:17 hikey970 kernel: [    1.078932] sky2: driver version 1.30
Jan 28 15:58:17 hikey970 kernel: [    1.079043] r8168 Gigabit Ethernet driver 8.045.08 loaded
Jan 28 15:58:17 hikey970 kernel: [    1.079104] r8168 0000:06:00.0: enabling device (0000 -> 0002)
Jan 28 15:58:17 hikey970 kernel: [    1.101134] r8168: This product is covered by one or more of the following patents: US6,570,884, US6,115,776, and US6,327,625.
Jan 28 15:58:17 hikey970 kernel: [    1.101144] r8168  Copyright (C) 2017  Realtek NIC software team <nicfae@realtek.com> 
Jan 28 15:58:17 hikey970 kernel: [    1.101144]  This program comes with ABSOLUTELY NO WARRANTY; for details, please see <http://www.gnu.org/licenses/>. 
Jan 28 15:58:17 hikey970 kernel: [    1.101144]  This is free software, and you are welcome to redistribute it under certain conditions; see <http://www.gnu.org/licenses/>. 
Jan 28 15:58:17 hikey970 kernel: [    1.101293] PPP generic driver version 2.4.2
Jan 28 15:58:17 hikey970 kernel: [    1.101353] PPP BSD Compression module registered
Jan 28 15:58:17 hikey970 kernel: [    1.101354] PPP Deflate Compression module registered
Jan 28 15:58:17 hikey970 kernel: [    1.101369] PPP MPPE Compression module registered
Jan 28 15:58:17 hikey970 kernel: [    1.101371] NET: Registered protocol family 24
Jan 28 15:58:17 hikey970 kernel: [    1.101432] usbcore: registered new interface driver asix
Jan 28 15:58:17 hikey970 kernel: [    1.101478] usbcore: registered new interface driver ax88179_178a
Jan 28 15:58:17 hikey970 kernel: [    1.101492] usbcore: registered new interface driver cdc_ether
Jan 28 15:58:17 hikey970 kernel: [    1.101506] usbcore: registered new interface driver net1080
Jan 28 15:58:17 hikey970 kernel: [    1.101519] usbcore: registered new interface driver cdc_subset
Jan 28 15:58:17 hikey970 kernel: [    1.101532] usbcore: registered new interface driver zaurus
Jan 28 15:58:17 hikey970 kernel: [    1.101554] usbcore: registered new interface driver cdc_ncm
Jan 28 15:58:17 hikey970 kernel: [    1.101607] VFIO - User Level meta-driver version: 0.3
Jan 28 15:58:17 hikey970 kernel: [    1.103338] ehci_hcd: USB 2.0 'Enhanced' Host Controller (EHCI) Driver
Jan 28 15:58:17 hikey970 kernel: [    1.103340] ehci-pci: EHCI PCI platform driver
Jan 28 15:58:17 hikey970 kernel: [    1.103357] ehci-platform: EHCI generic platform driver
Jan 28 15:58:17 hikey970 kernel: [    1.103409] ehci-exynos: EHCI EXYNOS driver
Jan 28 15:58:17 hikey970 kernel: [    1.103449] ehci-msm: Qualcomm On-Chip EHCI Host Controller
Jan 28 15:58:17 hikey970 kernel: [    1.103481] ohci_hcd: USB 1.1 'Open' Host Controller (OHCI) Driver
Jan 28 15:58:17 hikey970 kernel: [    1.103491] ohci-pci: OHCI PCI platform driver
Jan 28 15:58:17 hikey970 kernel: [    1.103509] ohci-platform: OHCI generic platform driver
Jan 28 15:58:17 hikey970 kernel: [    1.103548] ohci-exynos: OHCI EXYNOS driver
Jan 28 15:58:17 hikey970 kernel: [    1.103735] usbcore: registered new interface driver usb-storage
Jan 28 15:58:17 hikey970 kernel: [    1.104073] [I/hisi_pd] pd_dpm_init
Jan 28 15:58:17 hikey970 kernel: [    1.104114] [I/hisi_pd] pd_dpm_probe : +++++++++
Jan 28 15:58:17 hikey970 kernel: [    1.104178] gpio_hub_power_on:regulator_enable
Jan 28 15:58:17 hikey970 kernel: [    1.108886] gpio_hub_change_typec_power: set typec vbus gpio to 0
Jan 28 15:58:17 hikey970 kernel: [    1.108893] gpio_hub_switch_to_hub: switch to hub
Jan 28 15:58:17 hikey970 kernel: [    1.108894] [I/hisi_pd] pd_dpm_probe ++++
Jan 28 15:58:17 hikey970 kernel: [    1.108894] 
Jan 28 15:58:17 hikey970 kernel: [    1.108976] rt1711h_init (1.1.8_G): initializing...
Jan 28 15:58:17 hikey970 kernel: [    1.108987] rt1711h node found...
Jan 28 15:58:17 hikey970 kernel: [    1.109067] rt1711_i2c_probe
Jan 28 15:58:17 hikey970 kernel: [    1.109069] I2C functionality : OK...
Jan 28 15:58:17 hikey970 kernel: [    1.110645] rt_parse_dt
Jan 28 15:58:17 hikey970 kernel: [    1.110653] rt1711h_chipID = 0x2171
Jan 28 15:58:17 hikey970 kernel: [    1.110656] regmap_device_register: name = rt1711-4e
Jan 28 15:58:17 hikey970 kernel: [    1.110670]  rt_regmap_rt1711-4e: rt register cache data init
Jan 28 15:58:17 hikey970 kernel: [    1.110674]  rt_regmap_rt1711-4e: cache cata init successfully
Jan 28 15:58:17 hikey970 kernel: [    1.110726] tcpc_device_register register tcpc device (type_c_port0)
Jan 28 15:58:17 hikey970 kernel: [    1.110760] [I/hisi_pd] tcpc_device_register register_pd_wake_unlock_notifier OK
Jan 28 15:58:17 hikey970 kernel: [    1.110761] PD Timer number = 37
Jan 28 15:58:17 hikey970 kernel: [    1.110818] tcpci_timer_init : init OK
Jan 28 15:58:17 hikey970 kernel: [    1.110854] pd_parse_pdata
Jan 28 15:58:17 hikey970 kernel: [    1.110860] pd_parse_pdata src pdo data =
Jan 28 15:58:17 hikey970 kernel: [    1.110861] pd_parse_pdata 0: 0x00019064
Jan 28 15:58:17 hikey970 kernel: [    1.110863] pd_parse_pdata snk pdo data =
Jan 28 15:58:17 hikey970 kernel: [    1.110864] pd_parse_pdata 0: 0x000190c8
Jan 28 15:58:17 hikey970 kernel: [    1.110865] pd_parse_pdata 1: 0x0002d0c8
Jan 28 15:58:17 hikey970 kernel: [    1.110867] pd_parse_pdata id vdos data =
Jan 28 15:58:17 hikey970 kernel: [    1.110867] pd_parse_pdata 0: 0xd00029cf
Jan 28 15:58:17 hikey970 kernel: [    1.110868] pd_parse_pdata 1: 0x00000000
Jan 28 15:58:17 hikey970 kernel: [    1.110869] pd_parse_pdata 2: 0x00010000
Jan 28 15:58:17 hikey970 kernel: [    1.110872] dpm_caps: local_dr_power
Jan 28 15:58:17 hikey970 kernel: [    1.110873] dpm_caps: local_dr_data
Jan 28 15:58:17 hikey970 kernel: [    1.110875] dpm_caps: local_ext_power
Jan 28 15:58:17 hikey970 kernel: [    1.110876] dpm_caps: local_usb_comm
Jan 28 15:58:17 hikey970 kernel: [    1.110877] dpm_caps: local_usb_suspend
Jan 28 15:58:17 hikey970 kernel: [    1.110878] dpm_caps: local_high_cap
Jan 28 15:58:17 hikey970 kernel: [    1.110879] dpm_caps: local_give_back
Jan 28 15:58:17 hikey970 kernel: [    1.110880] dpm_caps: local_no_suspend
Jan 28 15:58:17 hikey970 kernel: [    1.110881] dpm_caps: local_vconn_supply
Jan 28 15:58:17 hikey970 kernel: [    1.110882] dpm_caps: attemp_discover_cable_dfp
Jan 28 15:58:17 hikey970 kernel: [    1.110883] dpm_caps: attemp_enter_dp_mode
Jan 28 15:58:17 hikey970 kernel: [    1.110884] dpm_caps: attemp_discover_cable
Jan 28 15:58:17 hikey970 kernel: [    1.110885] dpm_caps: attemp_discover_id
Jan 28 15:58:17 hikey970 kernel: [    1.110886] dpm_caps: pr_reject_as_source
Jan 28 15:58:17 hikey970 kernel: [    1.110886] dpm_caps: pr_reject_as_sink
Jan 28 15:58:17 hikey970 kernel: [    1.110888] dpm_caps: pr_check_gp_source
Jan 28 15:58:17 hikey970 kernel: [    1.110888] dpm_caps: pr_check_gp_sink
Jan 28 15:58:17 hikey970 kernel: [    1.110889] dpm_caps: dr_reject_as_dfp
Jan 28 15:58:17 hikey970 kernel: [    1.110890] dpm_caps: dr_reject_as_ufp
Jan 28 15:58:17 hikey970 kernel: [    1.110891] dpm_caps: snk_prefer_low_voltage
Jan 28 15:58:17 hikey970 kernel: [    1.110891] dpm_caps: snk_ignore_mismatch_current
Jan 28 15:58:17 hikey970 kernel: [    1.110893] dpm_caps = 0xc010c10b
Jan 28 15:58:17 hikey970 kernel: [    1.110894] [I/hisi_pd] PE:pd_core_init
Jan 28 15:58:17 hikey970 kernel: [    1.111149] rt1711_init_alert name = type_c_port0
Jan 28 15:58:17 hikey970 kernel: [    1.111151] rt1711_init_alert gpio # = 293
Jan 28 15:58:17 hikey970 kernel: [    1.111165] GPIO requested...
Jan 28 15:58:17 hikey970 kernel: [    1.111168] rt1711_init_alert : IRQ number = 293
Jan 28 15:58:17 hikey970 kernel: [    1.111169] rt1711_init_alert : irq initialized...
Jan 28 15:58:17 hikey970 kernel: [    1.111193] IRQF_NO_THREAD Test
Jan 28 15:58:17 hikey970 kernel: [    1.112146] [I/hisi_pd] [TCPC-I]SkipAlert:0x0000
Jan 28 15:58:17 hikey970 kernel: [    1.113485] [I/hisi_pd] TPC-I:typec_init: DRP
Jan 28 15:58:17 hikey970 kernel: [    1.126781] Error reading temperature for gpu thermal zone: -22
Jan 28 15:58:17 hikey970 kernel: [    1.164309] [E/hisi_pd] typec_wait_ps_change: typec_wait_ps_change!!!+++++++++++
Jan 28 15:58:17 hikey970 kernel: [    1.171713] [E/hisi_pd] typec_wait_ps_change: typec_wait_ps_change!!!-----------
Jan 28 15:58:17 hikey970 kernel: [    1.179114] [E/hisi_pd] typec_unattached_power_entry:!!!+++++++++++
Jan 28 15:58:17 hikey970 kernel: [    1.185617] [E/hisi_pd] tcpci_disable_vbus_control: !!!++++++++
Jan 28 15:58:17 hikey970 kernel: [    1.191538] [E/hisi_pd] pd_dpm_handle_pe_event:!!!,event=0,+++
Jan 28 15:58:17 hikey970 kernel: [    1.197369] [E/hisi_pd] typec_unattached_power_entry:!!!-----------
Jan 28 15:58:17 hikey970 kernel: [    1.203635] [I/hisi_pd] TPC-I:** Unattached.SNK
Jan 28 15:58:17 hikey970 kernel: [    1.203945] tcpc_device_irq_enable : tcpc irq enable OK!
Jan 28 15:58:17 hikey970 kernel: [    1.203946] rt1711_i2c_probe probe OK!
Jan 28 15:58:17 hikey970 kernel: [    1.204095] mousedev: PS/2 mouse device common for all mice
Jan 28 15:58:17 hikey970 kernel: [    1.204146] usbcore: registered new interface driver xpad
Jan 28 15:58:17 hikey970 kernel: [    1.204161] usbcore: registered new interface driver usb_acecad
Jan 28 15:58:17 hikey970 kernel: [    1.204176] usbcore: registered new interface driver aiptek
Jan 28 15:58:17 hikey970 kernel: [    1.204190] usbcore: registered new interface driver gtco
Jan 28 15:58:17 hikey970 kernel: [    1.204203] usbcore: registered new interface driver hanwang
Jan 28 15:58:17 hikey970 kernel: [    1.204216] usbcore: registered new interface driver kbtab
Jan 28 15:58:17 hikey970 kernel: [    1.204698] i2c /dev entries driver
Jan 28 15:58:17 hikey970 kernel: [    1.205138] [ISP] isp_init: enter!
Jan 28 15:58:17 hikey970 kernel: [    1.205304] [ISP] isp_probe: enter!
Jan 28 15:58:17 hikey970 kernel: [    1.205335] [ISP] isp_getdts: clock rate 24000000, pool size 0x1000000
Jan 28 15:58:17 hikey970 kernel: [    1.211720] [ISP] isp_probe: exit!
Jan 28 15:58:17 hikey970 kernel: [    1.211799] [ISP] isp_init: exit!
Jan 28 15:58:17 hikey970 kernel: [    1.211853] usbcore: registered new interface driver uvcvideo
Jan 28 15:58:17 hikey970 kernel: [    1.211854] USB Video Class driver (1.1.1)
Jan 28 15:58:17 hikey970 kernel: [    1.212886] device-mapper: uevent: version 1.0.3
Jan 28 15:58:17 hikey970 kernel: [    1.213006] device-mapper: ioctl: 4.35.0-ioctl (2016-06-23) initialised: dm-devel@redhat.com
Jan 28 15:58:17 hikey970 kernel: [    1.213067] Bluetooth: HCI UART driver ver 2.3
Jan 28 15:58:17 hikey970 kernel: [    1.213071] Bluetooth: HCI UART protocol H4 registered
Jan 28 15:58:17 hikey970 kernel: [    1.213072] Bluetooth: HCI UART protocol LL registered
Jan 28 15:58:17 hikey970 kernel: [    1.213262] (stc):  chnl_id list empty :4 
Jan 28 15:58:17 hikey970 kernel: [    1.213264] (stk) : st_kim_start
Jan 28 15:58:17 hikey970 kernel: [    1.214825] sdhci: Secure Digital Host Controller Interface driver
Jan 28 15:58:17 hikey970 kernel: [    1.214826] sdhci: Copyright(c) Pierre Ossman
Jan 28 15:58:17 hikey970 kernel: [    1.214945] Synopsys Designware Multimedia Card Interface Driver
Jan 28 15:58:17 hikey970 kernel: [    1.215174] dwmmc_k3 ff37f000.dwmmc1: fifo-depth property not found, using value of FIFOTH register as default
Jan 28 15:58:17 hikey970 kernel: [    1.217378] dwmmc_k3 ff37f000.dwmmc1: IDMAC supports 64-bit address mode.
Jan 28 15:58:17 hikey970 kernel: [    1.217441] dwmmc_k3 ff37f000.dwmmc1: Using internal DMA controller.
Jan 28 15:58:17 hikey970 kernel: [    1.217446] dwmmc_k3 ff37f000.dwmmc1: Version ID is 270a
Jan 28 15:58:17 hikey970 kernel: [    1.217463] dwmmc_k3 ff37f000.dwmmc1: DW MMC controller at irq 42,32 bit host data width,256 deep fifo
Jan 28 15:58:17 hikey970 kernel: [    1.217559] dwmmc_k3 ff37f000.dwmmc1: Got CD GPIO
Jan 28 15:58:17 hikey970 kernel: [    1.236818] mmc_host mmc0: Bus speed (slot 0) = 400000Hz (slot req 400000Hz, actual 400000HZ div = 0)
Jan 28 15:58:17 hikey970 kernel: [    1.255932] dwmmc_k3 ff37f000.dwmmc1: 1 slots initialized
Jan 28 15:58:17 hikey970 kernel: [    1.256041] dwmmc_k3 fc183000.dwmmc2: fifo-depth property not found, using value of FIFOTH register as default
Jan 28 15:58:17 hikey970 kernel: [    1.258136] dwmmc_k3 fc183000.dwmmc2: IDMAC supports 64-bit address mode.
Jan 28 15:58:17 hikey970 kernel: [    1.258166] dwmmc_k3 fc183000.dwmmc2: Using internal DMA controller.
Jan 28 15:58:17 hikey970 kernel: [    1.258170] dwmmc_k3 fc183000.dwmmc2: Version ID is 270a
Jan 28 15:58:17 hikey970 kernel: [    1.258182] dwmmc_k3 fc183000.dwmmc2: DW MMC controller at irq 43,32 bit host data width,256 deep fifo
Jan 28 15:58:17 hikey970 kernel: [    1.270058] ufs final power mode: gear = 3, lane = 2, pwr = 1, rate = 2
Jan 28 15:58:17 hikey970 kernel: [    1.270081] random: fast init done
Jan 28 15:58:17 hikey970 kernel: [    1.273969] ufshcd-hisi ff3c0000.ufs: ufshcd_find_max_sup_active_icc_level: Regulator capability was not set, actvIccLevel=0
Jan 28 15:58:17 hikey970 kernel: [    1.286430] scsi 0:0:0:49488: Well-known LUN    SAMSUNG  KLUCG4J1ED-B0C1  0300 PQ: 0 ANSI: 6
Jan 28 15:58:17 hikey970 kernel: [    1.318272] (stk) :ldisc_install = 1
Jan 28 15:58:17 hikey970 kernel: [    1.328174] scsi 0:0:0:49456: Well-known LUN    SAMSUNG  KLUCG4J1ED-B0C1  0300 PQ: 0 ANSI: 6
Jan 28 15:58:17 hikey970 kernel: [    1.357608] mmc_host mmc1: Bus speed (slot 0) = 400000Hz (slot req 400000Hz, actual 400000HZ div = 0)
Jan 28 15:58:17 hikey970 kernel: [    1.374988] dwmmc_k3 fc183000.dwmmc2: 1 slots initialized
Jan 28 15:58:17 hikey970 kernel: [    1.376189] sdhci-pltfm: SDHCI platform and OF driver helper
Jan 28 15:58:17 hikey970 kernel: [    1.381167] dwmmc_k3 fc183000.dwmmc2: card claims to support voltages below defined range
Jan 28 15:58:17 hikey970 kernel: [    1.381792] scsi 0:0:0:49476: Well-known LUN    SAMSUNG  KLUCG4J1ED-B0C1  0300 PQ: 0 ANSI: 6
Jan 28 15:58:17 hikey970 kernel: [    1.383871] ledtrig-cpu: registered to indicate activity on CPUs
Jan 28 15:58:17 hikey970 kernel: [    1.385480] hidraw: raw HID events driver (C) Jiri Kosina
Jan 28 15:58:17 hikey970 kernel: [    1.392713] usbcore: registered new interface driver usbhid
Jan 28 15:58:17 hikey970 kernel: [    1.392724] usbhid: USB HID core driver
Jan 28 15:58:17 hikey970 kernel: [    1.393169] ashmem: initialized
Jan 28 15:58:17 hikey970 kernel: [    1.394048] mmc_host mmc1: Bus speed (slot 0) = 25000000Hz (slot req 25000000Hz, actual 25000000HZ div = 0)
Jan 28 15:58:17 hikey970 kernel: [    1.394487] hisi_ddr_devfreq ddr_devfreq: init success
Jan 28 15:58:17 hikey970 kernel: [    1.395803] hifi_misc [E][587940]:hifi_check_img_loaded:1472: hifi img is loaded fail: 0xfffdffff.
Jan 28 15:58:17 hikey970 kernel: [    1.395942] mmc1: new SDIO card at address 0001
Jan 28 15:58:17 hikey970 kernel: [    1.397293] wl18xx_driver wl18xx.0.auto: Direct firmware load for ti-connectivity/wl18xx-conf.bin failed with error -2
Jan 28 15:58:17 hikey970 kernel: [    1.397301] wlcore: ERROR could not get configuration binary ti-connectivity/wl18xx-conf.bin: -2
Jan 28 15:58:17 hikey970 kernel: [    1.400265] hifi pdev name[hifidsp].
Jan 28 15:58:17 hikey970 kernel: [    1.400393] DRV_IPCIntInit begin.
Jan 28 15:58:17 hikey970 kernel: [    1.400396] DRV_IPCIntInit line = 220
Jan 28 15:58:17 hikey970 kernel: [    1.400413] BSP_DRV_IPCIntInit end.
Jan 28 15:58:17 hikey970 kernel: [    1.400417] func = mailbox_init, line = 695 baseaddr = 0x8e712c00
Jan 28 15:58:17 hikey970 kernel: [    1.400498] mem_remap_type: phys_addr:0x8e712c00 size:0x00010000 npages:17 vaddr:ffff000009ba1c00 offset:0x00000c00
Jan 28 15:58:17 hikey970 kernel: [    1.400502] i = 0, head_addr = 0xffff000009ba1cf0, data_addr = 0xffff000009ba50b0
Jan 28 15:58:17 hikey970 kernel: [    1.400505] i = 1, head_addr = 0xffff000009ba1c50, data_addr = 0xffff000009ba20b0
Jan 28 15:58:17 hikey970 kernel: [    1.400508] i = 2, head_addr = 0xffff000009ba1d18, data_addr = 0xffff000009ba50b0
Jan 28 15:58:17 hikey970 kernel: [    1.400510] i = 3, head_addr = 0xffff000009ba1c78, data_addr = 0xffff000009ba38b0
Jan 28 15:58:17 hikey970 kernel: [    1.400513] <<<<<<<<<<<<<<mailbox_create_box cpu_id = 0>>>>>>>>>>>>>>
Jan 28 15:58:17 hikey970 kernel: [    1.400517] ******************func = mailbox_init_all_handle line = 530 src_id = 1 dst_id = 4******************
Jan 28 15:58:17 hikey970 kernel: [    1.400521] ******************func = mailbox_init_all_handle line = 530 src_id = 0 dst_id = 4******************
Jan 28 15:58:17 hikey970 kernel: [    1.400527] ******************func = mailbox_init_all_handle line = 530 src_id = 4 dst_id = 1******************
Jan 28 15:58:17 hikey970 kernel: [    1.400530] ******************func = mailbox_init_all_handle line = 530 src_id = 4 dst_id = 0******************
Jan 28 15:58:17 hikey970 kernel: [    1.400768] mb init OK!
Jan 28 15:58:17 hikey970 kernel: [    1.400881] mb->local_id = 0 dst_id = 0
Jan 28 15:58:17 hikey970 kernel: [    1.400891] hifi_misc [I][588107]:ap_ipc_int_init:914: Enter ap_ipc_int_init
Jan 28 15:58:17 hikey970 kernel: [    1.400895] hifi_misc [I][588107]:ap_ipc_int_init:919: Exit ap_ipc_int_init
Jan 28 15:58:17 hikey970 kernel: [    1.400953] [cambricon_ipu_init]: platform device and driver register!
Jan 28 15:58:17 hikey970 kernel: [    1.401102] [cambricon_ipu_probe]: Initializing IPU device!
Jan 28 15:58:17 hikey970 kernel: [    1.401119] [cambricon_ipu_probe]:IPU FIFO_TaskElements init success, queue size: 4096
Jan 28 15:58:17 hikey970 kernel: [    1.401218] [cambricon_ipu_probe]: platform_get_irq_byname:65
Jan 28 15:58:17 hikey970 kernel: [    1.401267] ff400000.cambricon-ipu supply vipu not found, using dummy regulator
Jan 28 15:58:17 hikey970 kernel: [    1.401349] [cambricon_ipu_probe]:Get regulator ip succuss! dev-num-resouce:3
Jan 28 15:58:17 hikey970 kernel: [    1.401465] [ipu_get_feature_tree]: the platform is kirin970_cs
Jan 28 15:58:17 hikey970 kernel: [    1.401615] [cambricon_ipu_probe]: IPU Require IRQ Succeeded
Jan 28 15:58:17 hikey970 kernel: [    1.401942] [ipu_clock_init]: IPU_DEBUG vcodecbus_clk_ptr is fffffffffffffffe
Jan 28 15:58:17 hikey970 kernel: [    1.401956] [ipu_clock_init]: get clk rate done, start clk rate:900000000, stop clk rate:332000000
Jan 28 15:58:17 hikey970 kernel: [    1.402007] of_get_iova_info:start_addr 0x40000, size 0x80000000 align 0x40000
Jan 28 15:58:17 hikey970 kernel: [    1.402012] [ipu_enable_iommu] success,ipu_smmu_domain=0xffff8001b7e50fb0, dev->bus is 0xffff000009694880
Jan 28 15:58:17 hikey970 kernel: [    1.402120] [cambricon_ipu_probe]: Succeeded to initialize ipu device.
Jan 28 15:58:17 hikey970 kernel: [    1.402178] IFO:<493:VENC_DRV_ModInit>enter VENC_DRV_ModInit()
Jan 28 15:58:17 hikey970 kernel: [    1.402178]  
Jan 28 15:58:17 hikey970 kernel: [    1.402685] IFO:<429:VENC_DRV_Probe>omxvenc prepare to probe
Jan 28 15:58:17 hikey970 kernel: [    1.402685]  
Jan 28 15:58:17 hikey970 kernel: [    1.402699] IFO:<368:VENC_DRV_SetupCdev>enter VENC_DRV_SetupCdev()
Jan 28 15:58:17 hikey970 kernel: [    1.402699]  
Jan 28 15:58:17 hikey970 kernel: [    1.402835] IFO:<399:VENC_DRV_SetupCdev>exit VENC_DRV_SetupCdev()
Jan 28 15:58:17 hikey970 kernel: [    1.402835]  
Jan 28 15:58:17 hikey970 kernel: [    1.402838] in hisi_ion_enable_iommu start
Jan 28 15:58:17 hikey970 kernel: [    1.402840] ion domain already init return domain
Jan 28 15:58:17 hikey970 kernel: [    1.402954] IFO:<131:Venc_GetDtsConfigInfo>venc_clk_rate: highRate:554000000, normalRate:450000000, lowRate:238000000
Jan 28 15:58:17 hikey970 kernel: [    1.402954]  
Jan 28 15:58:17 hikey970 kernel: [    1.402958] ERR:<137:Venc_GetDtsConfigInfo>get venc qos mode failed set default
Jan 28 15:58:17 hikey970 kernel: [    1.402958]  
Jan 28 15:58:17 hikey970 kernel: [    1.402963] IFO:<143:Venc_GetDtsConfigInfo>SmmuPageBaseAddr is 0xffff000008e22c38
Jan 28 15:58:17 hikey970 kernel: [    1.402963]  
Jan 28 15:58:17 hikey970 kernel: [    1.402966] IFO:<458:VENC_DRV_Probe>omxvenc probe successfully
Jan 28 15:58:17 hikey970 kernel: [    1.402966]  
Jan 28 15:58:17 hikey970 kernel: [    1.403012] IFO:<429:VENC_DRV_Probe>omxvenc prepare to probe
Jan 28 15:58:17 hikey970 kernel: [    1.403012]  
Jan 28 15:58:17 hikey970 kernel: [    1.403015] IFO:<432:VENC_DRV_Probe>venc device detected already
Jan 28 15:58:17 hikey970 kernel: [    1.403015]  
Jan 28 15:58:17 hikey970 kernel: [    1.403037] IFO:<506:VENC_DRV_ModInit>success
Jan 28 15:58:17 hikey970 kernel: [    1.403037]  
Jan 28 15:58:17 hikey970 kernel: [    1.403040] IFO:<510:VENC_DRV_ModInit>exit VENC_DRV_ModInit()
Jan 28 15:58:17 hikey970 kernel: [    1.403040]  
Jan 28 15:58:17 hikey970 kernel: [    1.403472] in hisi_ion_enable_iommu start
Jan 28 15:58:17 hikey970 kernel: [    1.403473] ion domain already init return domain
Jan 28 15:58:17 hikey970 kernel: [    1.403633] Already probe omxvdec
Jan 28 15:58:17 hikey970 kernel: [    1.404789] hisi_i2s e804f800.hisi_i2s: Registered as hisi_i2s
Jan 28 15:58:17 hikey970 kernel: [    1.405161] u32 classifier
Jan 28 15:58:17 hikey970 kernel: [    1.405163]     Actions configured
Jan 28 15:58:17 hikey970 kernel: [    1.405170] Netfilter messages via NETLINK v0.30.
Jan 28 15:58:17 hikey970 kernel: [    1.405672] nf_conntrack version 0.5.0 (65536 buckets, 262144 max)
Jan 28 15:58:17 hikey970 kernel: [    1.405977] ctnetlink v0.93: registering with nfnetlink.
Jan 28 15:58:17 hikey970 kernel: [    1.406890] xt_time: kernel timezone is -0000
Jan 28 15:58:17 hikey970 kernel: [    1.410273] ip_tables: (C) 2000-2006 Netfilter Core Team
Jan 28 15:58:17 hikey970 kernel: [    1.410445] arp_tables: arp_tables: (C) 2002 David S. Miller
Jan 28 15:58:17 hikey970 kernel: [    1.413789] Initializing XFRM netlink socket
Jan 28 15:58:17 hikey970 kernel: [    1.414252] NET: Registered protocol family 10
Jan 28 15:58:17 hikey970 kernel: [    1.415334] mip6: Mobile IPv6
Jan 28 15:58:17 hikey970 kernel: [    1.415352] ip6_tables: (C) 2000-2006 Netfilter Core Team
Jan 28 15:58:17 hikey970 kernel: [    1.417528] sit: IPv6, IPv4 and MPLS over IPv4 tunneling driver
Jan 28 15:58:17 hikey970 kernel: [    1.418095] NET: Registered protocol family 17
Jan 28 15:58:17 hikey970 kernel: [    1.418111] NET: Registered protocol family 15
Jan 28 15:58:17 hikey970 kernel: [    1.418115] can: controller area network core (rev 20120528 abi 9)
Jan 28 15:58:17 hikey970 kernel: [    1.418160] NET: Registered protocol family 29
Jan 28 15:58:17 hikey970 kernel: [    1.418174] can: raw protocol (rev 20120528)
Jan 28 15:58:17 hikey970 kernel: [    1.418179] can: broadcast manager protocol (rev 20161123 t)
Jan 28 15:58:17 hikey970 kernel: [    1.418186] can: netlink gateway (rev 20130117) max_hops=1
Jan 28 15:58:17 hikey970 kernel: [    1.418424] Bluetooth: RFCOMM TTY layer initialized
Jan 28 15:58:17 hikey970 kernel: [    1.418432] Bluetooth: RFCOMM socket layer initialized
Jan 28 15:58:17 hikey970 kernel: [    1.418456] Bluetooth: RFCOMM ver 1.11
Jan 28 15:58:17 hikey970 kernel: [    1.418464] Bluetooth: HIDP (Human Interface Emulation) ver 1.2
Jan 28 15:58:17 hikey970 kernel: [    1.418472] Bluetooth: HIDP socket layer initialized
Jan 28 15:58:17 hikey970 kernel: [    1.419103] 9pnet: Installing 9P2000 support
Jan 28 15:58:17 hikey970 kernel: [    1.420939] Registered cp15_barrier emulation handler
Jan 28 15:58:17 hikey970 kernel: [    1.420952] Registered setend emulation handler
Jan 28 15:58:17 hikey970 kernel: [    1.421523] registered taskstats version 1
Jan 28 15:58:17 hikey970 kernel: [    1.439102] hisi_i2s e804f800.hisi_i2s: Failed to get DMA channel capabilities, falling back to period counting: -6
Jan 28 15:58:17 hikey970 kernel: [    1.439109] asoc-simple-card soc:sound: adv7511 <-> e804f800.hisi_i2s mapping ok
Jan 28 15:58:17 hikey970 kernel: [    1.440072] xhci-hcd xhci-hcd.1.auto: xHCI Host Controller
Jan 28 15:58:17 hikey970 kernel: [    1.440096] xhci-hcd xhci-hcd.1.auto: new USB bus registered, assigned bus number 1
Jan 28 15:58:17 hikey970 kernel: [    1.440448] xhci-hcd xhci-hcd.1.auto: hcc params 0x0220ffe5 hci version 0x110 quirks 0x00010010
Jan 28 15:58:17 hikey970 kernel: [    1.440510] xhci-hcd xhci-hcd.1.auto: irq 354, io mem 0xff100000
Jan 28 15:58:17 hikey970 kernel: [    1.440719] usb usb1: New USB device found, idVendor=1d6b, idProduct=0002
Jan 28 15:58:17 hikey970 kernel: [    1.440722] usb usb1: New USB device strings: Mfr=3, Product=2, SerialNumber=1
Jan 28 15:58:17 hikey970 kernel: [    1.440727] usb usb1: Product: xHCI Host Controller
Jan 28 15:58:17 hikey970 kernel: [    1.440729] usb usb1: Manufacturer: Linux 4.9.78-147538-g244928755bbe xhci-hcd
Jan 28 15:58:17 hikey970 kernel: [    1.440731] usb usb1: SerialNumber: xhci-hcd.1.auto
Jan 28 15:58:17 hikey970 kernel: [    1.441164] hub 1-0:1.0: USB hub found
Jan 28 15:58:17 hikey970 kernel: [    1.441192] hub 1-0:1.0: 1 port detected
Jan 28 15:58:17 hikey970 kernel: [    1.441397] xhci-hcd xhci-hcd.1.auto: xHCI Host Controller
Jan 28 15:58:17 hikey970 kernel: [    1.441405] xhci-hcd xhci-hcd.1.auto: new USB bus registered, assigned bus number 2
Jan 28 15:58:17 hikey970 kernel: [    1.441413] xhci-hcd xhci-hcd.1.auto: Host supports USB 3.1 Enhanced SuperSpeed
Jan 28 15:58:17 hikey970 kernel: [    1.441461] usb usb2: We don't know the algorithms for LPM for this host, disabling LPM.
Jan 28 15:58:17 hikey970 kernel: [    1.441537] usb usb2: New USB device found, idVendor=1d6b, idProduct=0003
Jan 28 15:58:17 hikey970 kernel: [    1.441540] usb usb2: New USB device strings: Mfr=3, Product=2, SerialNumber=1
Jan 28 15:58:17 hikey970 kernel: [    1.441542] usb usb2: Product: xHCI Host Controller
Jan 28 15:58:17 hikey970 kernel: [    1.441545] usb usb2: Manufacturer: Linux 4.9.78-147538-g244928755bbe xhci-hcd
Jan 28 15:58:17 hikey970 kernel: [    1.441548] usb usb2: SerialNumber: xhci-hcd.1.auto
Jan 28 15:58:17 hikey970 kernel: [    1.441856] hub 2-0:1.0: USB hub found
Jan 28 15:58:17 hikey970 kernel: [    1.441874] hub 2-0:1.0: 1 port detected
Jan 28 15:58:17 hikey970 kernel: [    1.442521] input: gpio-keys as /devices/platform/gpio-keys/input/input0
Jan 28 15:58:17 hikey970 kernel: [    1.442836] hctosys: unable to open rtc device (rtc0)
Jan 28 15:58:17 hikey970 kernel: [    1.442840] [ISP] ov5640_main_module_init: enter!
Jan 28 15:58:17 hikey970 kernel: [    1.443004] [ISP] ov5640_main_probe: enter!
Jan 28 15:58:17 hikey970 kernel: [    1.451609] scsi 0:0:0:0: Direct-Access     SAMSUNG  KLUCG4J1ED-B0C1  0300 PQ: 0 ANSI: 6
Jan 28 15:58:17 hikey970 kernel: [    1.534220] wlcore: WARNING falling back to default config
Jan 28 15:58:17 hikey970 kernel: [    1.534661] scsi 0:0:0:1: Direct-Access     SAMSUNG  KLUCG4J1ED-B0C1  0300 PQ: 0 ANSI: 6
Jan 28 15:58:17 hikey970 kernel: [    1.534685] sd 0:0:0:0: [sda] 1024 4096-byte logical blocks: (4.19 MB/4.00 MiB)
Jan 28 15:58:17 hikey970 kernel: [    1.536325] sd 0:0:0:0: [sda] Write Protect is off
Jan 28 15:58:17 hikey970 kernel: [    1.536330] sd 0:0:0:0: [sda] Mode Sense: 00 32 00 10
Jan 28 15:58:17 hikey970 kernel: [    1.536873] sd 0:0:0:0: [sda] Write cache: enabled, read cache: enabled, supports DPO and FUA
Jan 28 15:58:17 hikey970 kernel: [    1.541808] sd 0:0:0:0: [sda] Attached SCSI disk
Jan 28 15:58:17 hikey970 kernel: [    1.592015] sd 0:0:0:1: [sdb] 1024 4096-byte logical blocks: (4.19 MB/4.00 MiB)
Jan 28 15:58:17 hikey970 kernel: [    1.592894] scsi 0:0:0:2: Direct-Access     SAMSUNG  KLUCG4J1ED-B0C1  0300 PQ: 0 ANSI: 6
Jan 28 15:58:17 hikey970 kernel: [    1.592954] sd 0:0:0:1: [sdb] Write Protect is off
Jan 28 15:58:17 hikey970 kernel: [    1.592958] sd 0:0:0:1: [sdb] Mode Sense: 00 32 00 10
Jan 28 15:58:17 hikey970 kernel: [    1.593463] sd 0:0:0:1: [sdb] Write cache: enabled, read cache: enabled, supports DPO and FUA
Jan 28 15:58:17 hikey970 kernel: [    1.596483] sd 0:0:0:1: [sdb] Attached SCSI disk
Jan 28 15:58:17 hikey970 kernel: [    1.631188] sd 0:0:0:2: [sdc] 2048 4096-byte logical blocks: (8.39 MB/8.00 MiB)
Jan 28 15:58:17 hikey970 kernel: [    1.631296] scsi 0:0:0:3: Direct-Access     SAMSUNG  KLUCG4J1ED-B0C1  0300 PQ: 0 ANSI: 6
Jan 28 15:58:17 hikey970 kernel: [    1.631479] sd 0:0:0:2: [sdc] Write Protect is off
Jan 28 15:58:17 hikey970 kernel: [    1.631483] sd 0:0:0:2: [sdc] Mode Sense: 00 32 00 10
Jan 28 15:58:17 hikey970 kernel: [    1.631559] sd 0:0:0:2: [sdc] Write cache: enabled, read cache: enabled, supports DPO and FUA
Jan 28 15:58:17 hikey970 kernel: [    1.632968] sd 0:0:0:2: [sdc] Attached SCSI disk
Jan 28 15:58:17 hikey970 kernel: [    1.676372] sd 0:0:0:3: [sdd] 15616000 4096-byte logical blocks: (64.0 GB/59.6 GiB)
Jan 28 15:58:17 hikey970 kernel: [    1.678447] sd 0:0:0:3: [sdd] Write Protect is off
Jan 28 15:58:17 hikey970 kernel: [    1.678461] sd 0:0:0:3: [sdd] Mode Sense: 00 32 00 10
Jan 28 15:58:17 hikey970 kernel: [    1.679156] sd 0:0:0:3: [sdd] Write cache: enabled, read cache: enabled, supports DPO and FUA
Jan 28 15:58:17 hikey970 kernel: [    1.687789] GPT:Primary header thinks Alt. header is not at the end of the disk.
Jan 28 15:58:17 hikey970 kernel: [    1.687796] GPT:7805956 != 15615999
Jan 28 15:58:17 hikey970 kernel: [    1.687800] GPT:Alternate GPT header not at the end of the disk.
Jan 28 15:58:17 hikey970 kernel: [    1.687804] GPT:7805956 != 15615999
Jan 28 15:58:17 hikey970 kernel: [    1.687807] GPT: Use GNU Parted to correct GPT errors.
Jan 28 15:58:17 hikey970 kernel: [    1.687904]  sdd: sdd1 sdd2 sdd3 sdd4 sdd5 sdd6 sdd7 sdd8 sdd9 sdd10 sdd11 sdd12 sdd13 sdd14 sdd15
Jan 28 15:58:17 hikey970 kernel: [    1.692997] sd 0:0:0:3: [sdd] Attached SCSI disk
Jan 28 15:58:17 hikey970 kernel: [    1.693998] [ISP] isp_i2c_read_clear_intrbits: ABRT_SOURCE 0x1000001
Jan 28 15:58:17 hikey970 kernel: [    1.700426] [ISP] isp_i2c_xfer: I2C abort
Jan 28 15:58:17 hikey970 kernel: [    1.704455] [ISP] isp_i2c_write_reg: write reg fail
Jan 28 15:58:17 hikey970 kernel: [    1.709363] [ISP] ov5640_main_power: could not set init registers
Jan 28 15:58:17 hikey970 kernel: [    1.715528] [ISP] isp_i2c_read_reg: read[0x300a]
Jan 28 15:58:17 hikey970 kernel: [    1.723170] [ISP] isp_i2c_read_clear_intrbits: ABRT_SOURCE 0x1000001
Jan 28 15:58:17 hikey970 kernel: [    1.729544] [ISP] isp_i2c_xfer: I2C abort
Jan 28 15:58:17 hikey970 kernel: [    1.733566] [ISP] isp_i2c_read_reg: read reg fail
Jan 28 15:58:17 hikey970 kernel: [    1.738110] [ISP] ov5640_main_get_chip_id: get chip id high[255] fail
Jan 28 15:58:17 hikey970 kernel: [    1.744598] [ISP] ov5640_main_probe: chip id is 0x0
Jan 28 15:58:17 hikey970 kernel: [    1.749483] [ISP] ov5640_main_probe: chip id is 0x0, probe failed
Jan 28 15:58:17 hikey970 kernel: [    1.755621] hisi-ov5640_main: probe of e8400000.isp:hisi,ov5640_main failed with error -1
Jan 28 15:58:17 hikey970 kernel: [    1.755776] [ISP] ov5640_main_module_init: exit!
Jan 28 15:58:17 hikey970 kernel: [    1.755782] [ISP] ov5640_sub_module_init: enter!
Jan 28 15:58:17 hikey970 kernel: [    1.756071] [ISP] ov5640_sub_probe: enter!
Jan 28 15:58:17 hikey970 kernel: [    1.770931] usb 2-1: new SuperSpeed USB device number 2 using xhci-hcd
Jan 28 15:58:17 hikey970 kernel: [    1.775551] wlcore: wl18xx HW: 183x or 180x, PG 2.2 (ROM 0x11)
Jan 28 15:58:17 hikey970 kernel: [    1.781531] wlcore: loaded
Jan 28 15:58:17 hikey970 kernel: [    1.791930] usb 2-1: New USB device found, idVendor=0451, idProduct=8140
Jan 28 15:58:17 hikey970 kernel: [    1.791942] usb 2-1: New USB device strings: Mfr=0, Product=0, SerialNumber=0
Jan 28 15:58:17 hikey970 kernel: [    1.793799] hub 2-1:1.0: USB hub found
Jan 28 15:58:17 hikey970 kernel: [    1.793873] hub 2-1:1.0: 4 ports detected
Jan 28 15:58:17 hikey970 kernel: [    1.910837] usb 1-1: new high-speed USB device number 2 using xhci-hcd
Jan 28 15:58:17 hikey970 kernel: [    2.005799] [ISP] isp_i2c_read_clear_intrbits: ABRT_SOURCE 0x1000001
Jan 28 15:58:17 hikey970 kernel: [    2.012162] [ISP] isp_i2c_xfer: I2C abort
Jan 28 15:58:17 hikey970 kernel: [    2.016174] [ISP] isp_i2c_write_reg: write reg fail
Jan 28 15:58:17 hikey970 kernel: [    2.021054] [ISP] ov5640_sub_power: could not set init registers
Jan 28 15:58:17 hikey970 kernel: [    2.027109] [drm] hotplug_event!!!!!!
Jan 28 15:58:17 hikey970 kernel: [    2.027145] [ISP] isp_i2c_read_reg: read[0x300a]
Jan 28 15:58:17 hikey970 kernel: [    2.031785] [drm] disconnected : regmap_read val = 0x90 
Jan 28 15:58:17 hikey970 kernel: [    2.031935] [drm] disconnected : regmap_read val = 0x90 
Jan 28 15:58:17 hikey970 kernel: [    2.046778] [ISP] isp_i2c_read_clear_intrbits: ABRT_SOURCE 0x1000001
Jan 28 15:58:17 hikey970 kernel: [    2.051558] usb 1-1: New USB device found, idVendor=0451, idProduct=8142
Jan 28 15:58:17 hikey970 kernel: [    2.051569] usb 1-1: New USB device strings: Mfr=0, Product=0, SerialNumber=1
Jan 28 15:58:17 hikey970 kernel: [    2.051577] usb 1-1: SerialNumber: D50A08491EA2
Jan 28 15:58:17 hikey970 kernel: [    2.053139] [ISP] isp_i2c_xfer: I2C abort
Jan 28 15:58:17 hikey970 kernel: [    2.057147] [ISP] isp_i2c_read_reg: read reg fail
Jan 28 15:58:17 hikey970 kernel: [    2.061902] [ISP] ov5640_sub_get_chip_id: get chip id high[255] fail
Jan 28 15:58:17 hikey970 kernel: [    2.067006] [drm] disconnected : regmap_read val = 0x90 
Jan 28 15:58:17 hikey970 kernel: [    2.068274] [ISP] ov5640_sub_probe: chip id is 0x0, probe failed
Jan 28 15:58:17 hikey970 kernel: [    2.074289] hisi-ov5640_sub: probe of e8400000.isp:hisi,ov5640_sub failed with error -1
Jan 28 15:58:17 hikey970 kernel: [    2.074326] [ISP] ov5640_sub_module_init: exit!
Jan 28 15:58:17 hikey970 kernel: [    2.074427] clk: Not disabling unused clocks
Jan 28 15:58:17 hikey970 kernel: [    2.074439] wlan-en-regulator: disabling
Jan 28 15:58:17 hikey970 kernel: [    2.074456] <[hisi_ip_to_atf_is_enabled]:regulator_id=0>
Jan 28 15:58:17 hikey970 kernel: [    2.079769] <[hisi_ip_to_atf_is_enabled]:regulator_id=1>
Jan 28 15:58:17 hikey970 kernel: [    2.081956] hub 1-1:1.0: USB hub found
Jan 28 15:58:17 hikey970 kernel: [    2.082024] hub 1-1:1.0: 4 ports detected
Jan 28 15:58:17 hikey970 kernel: [    2.085083] <[hisi_ip_to_atf_is_enabled]:regulator_id=8>
Jan 28 15:58:17 hikey970 kernel: [    2.087334] [drm] disconnected : regmap_read val = 0x90 
Jan 28 15:58:17 hikey970 kernel: [    2.090394] <[hisi_ip_to_atf_is_enabled]:regulator_id=2>
Jan 28 15:58:17 hikey970 kernel: [    2.095707] <[hisi_ip_to_atf_is_enabled]:regulator_id=3>
Jan 28 15:58:17 hikey970 kernel: [    2.101017] <[hisi_ip_to_atf_is_enabled]:regulator_id=4>
Jan 28 15:58:17 hikey970 kernel: [    2.106330] <[hisi_ip_to_atf_is_enabled]:regulator_id=5>
Jan 28 15:58:17 hikey970 kernel: [    2.107662] [drm] disconnected : regmap_read val = 0x90 
Jan 28 15:58:17 hikey970 kernel: [    2.111641] <[hisi_ip_to_atf_is_enabled]:regulator_id=6>
Jan 28 15:58:17 hikey970 kernel: [    2.116954] <[hisi_ip_to_atf_is_enabled]:regulator_id=7>
Jan 28 15:58:17 hikey970 kernel: [    2.122265] ALSA device list:
Jan 28 15:58:17 hikey970 kernel: [    2.122267]   #0: hikey-hdmi
Jan 28 15:58:17 hikey970 kernel: [    2.122348] uart-pl011 fff32000.serial: no DMA platform data
Jan 28 15:58:17 hikey970 kernel: [    2.122861] EXT4-fs (sdd12): couldn't mount as ext3 due to feature incompatibilities
Jan 28 15:58:17 hikey970 kernel: [    2.127995] [drm] disconnected : regmap_read val = 0x90 
Jan 28 15:58:17 hikey970 kernel: [    2.134591] EXT4-fs (sdd12): mounted filesystem with ordered data mode. Opts: (null)
Jan 28 15:58:17 hikey970 kernel: [    2.134608] VFS: Mounted root (ext4 filesystem) on device 8:60.
Jan 28 15:58:17 hikey970 kernel: [    2.135540] devtmpfs: mounted
Jan 28 15:58:17 hikey970 kernel: [    2.136563] Freeing unused kernel memory: 4160K
Jan 28 15:58:17 hikey970 kernel: [    2.148342] [drm] disconnected : regmap_read val = 0x90 
Jan 28 15:58:17 hikey970 kernel: [    2.168673] [drm] disconnected : regmap_read val = 0x90 
Jan 28 15:58:17 hikey970 kernel: [    2.188829] [drm] disconnected : regmap_read val = 0x90 
Jan 28 15:58:17 hikey970 kernel: [    2.208980] [drm] disconnected : regmap_read val = 0x90 
Jan 28 15:58:17 hikey970 kernel: [    2.221179] cgroup: cgroup2: unknown option "nsdelegate"
Jan 28 15:58:17 hikey970 kernel: [    2.229307] [drm] disconnected : regmap_read val = 0x90 
Jan 28 15:58:17 hikey970 kernel: [    2.249322] [drm:adv7511_detect.isra.7] *ERROR* Read connector status timout, time = 10 
Jan 28 15:58:17 hikey970 kernel: [    2.257426] [drm] hdmi connector status = 2 
Jan 28 15:58:17 hikey970 kernel: [    2.257508] [drm] +. 
Jan 28 15:58:17 hikey970 kernel: [    2.257508] [drm] -. 
Jan 28 15:58:17 hikey970 kernel: [    2.257578] [drm] dss_pri_clk:[300000000]->[300000000].
Jan 28 15:58:17 hikey970 kernel: [    2.257612] [drm] dss_mmbuf_clk:[238000000]->[237142858].
Jan 28 15:58:17 hikey970 kernel: [    2.257643] [drm] mode->clock(org) = 144000
Jan 28 15:58:17 hikey970 kernel: [    2.257644] [drm] HDMI real need clock = 144000000 
Jan 28 15:58:17 hikey970 kernel: [    2.257646] [drm] postdiv1=0x1, POSTDIV2=0x1
Jan 28 15:58:17 hikey970 kernel: [    2.257683] [drm] dss_pxl0_clk [144000000]->[144000000] 
Jan 28 15:58:17 hikey970 kernel: [    2.257739] [drm] isr_s1 = 0x10000!
Jan 28 15:58:17 hikey970 kernel: [    2.257741] [drm] isr_s2 = 0x11!
Jan 28 15:58:17 hikey970 kernel: [    2.337122] [drm] Expected : lane_clock = 864 M
Jan 28 15:58:17 hikey970 kernel: [    2.337291] [drm] burst_mode = 0x2 (DSI_NON_BURST_SYNC_PULSES => 0)
Jan 28 15:58:17 hikey970 kernel: [    2.337294] [drm] hsa_time=9, hbp_time=45, hline_time=1104
Jan 28 15:58:17 hikey970 kernel: [    2.337296] [drm] lane_byte_clk=108000000, pixel_clk=144000000
Jan 28 15:58:17 hikey970 kernel: [    2.346805] (stk) :ldisc installation timeout
Jan 28 15:58:17 hikey970 kernel: [    2.351033] (stk) :ldisc_install = 0
Jan 28 15:58:17 hikey970 kernel: [    2.481243] hisi_thermal fff30000.tsensor: THERMAL ALARM: 65384 > 65000
Jan 28 15:58:17 hikey970 kernel: [    2.590733] r8168 0000:06:00.0 enp6s0: renamed from eth0
Jan 28 15:58:17 hikey970 kernel: [    2.645781] enp6s0: 0xffff000009ae2000, 10:c1:72:fc:e6:69, IRQ 327
Jan 28 15:58:17 hikey970 kernel: [    2.880701] IPv6: ADDRCONF(NETDEV_UP): enp6s0: link is not ready
Jan 28 15:58:17 hikey970 kernel: [    2.942027] hisi_thermal fff30000.tsensor: THERMAL ALARM stopped: 60848 < 65000
Jan 28 15:58:17 hikey970 kernel: [    3.090790] [drm]  +.
Jan 28 15:58:17 hikey970 kernel: [    3.090805] [drm] dss_pwm_clk clk_enable successed, ret=0!
Jan 28 15:58:17 hikey970 kernel: [    3.162033] IPv6: ADDRCONF(NETDEV_UP): wlan0: link is not ready
Jan 28 15:58:18 hikey970 kernel: [    3.289083] mmc_host mmc1: Bus speed (slot 0) = 400000Hz (slot req 400000Hz, actual 400000HZ div = 0)
Jan 28 15:58:18 hikey970 kernel: [    3.298797] [drm] bl_level is 255
Jan 28 15:58:18 hikey970 kernel: [    3.298802] [drm] bl_level=255.
Jan 28 15:58:18 hikey970 kernel: [    3.326127] mmc_host mmc1: Bus speed (slot 0) = 25000000Hz (slot req 25000000Hz, actual 25000000HZ div = 0)
Jan 28 15:58:18 hikey970 kernel: [    3.367264] (stk) : timed out waiting for ldisc to be un-installed
Jan 28 15:58:18 hikey970 kernel: [    3.480369] (stk) :ldisc_install = 1
Jan 28 15:58:18 hikey970 kernel: [    3.735526] wlcore: PHY firmware version: Rev 8.2.0.0.240
Jan 28 15:58:18 hikey970 kernel: [    3.840298] wlcore: firmware booted (Rev 8.9.0.0.76)
Jan 28 15:58:18 hikey970 kernel: [    3.857519] IPv6: ADDRCONF(NETDEV_UP): wlan0: link is not ready
Jan 28 15:58:18 hikey970 kernel: [    3.951847] IPv6: ADDRCONF(NETDEV_UP): wlan0: link is not ready
Jan 28 15:58:19 hikey970 kernel: [    4.487025] (stk) :ldisc installation timeout
Jan 28 15:58:19 hikey970 kernel: [    4.491237] (stk) :ldisc_install = 0
Jan 28 15:58:20 hikey970 kernel: [    5.510825] (stk) : timed out waiting for ldisc to be un-installed
Jan 28 15:58:20 hikey970 kernel: [    5.622589] (stk) :ldisc_install = 1
Jan 28 15:58:21 hikey970 kernel: [    6.631055] (stk) :ldisc installation timeout
Jan 28 15:58:21 hikey970 kernel: [    6.633958] (stk) :ldisc_install = 0
Jan 28 15:58:22 hikey970 kernel: [    7.654854] (stk) : timed out waiting for ldisc to be un-installed
Jan 28 15:58:22 hikey970 kernel: [    7.766628] (stk) :ldisc_install = 1
Jan 28 15:58:23 hikey970 kernel: [    8.774854] (stk) :ldisc installation timeout
Jan 28 15:58:23 hikey970 kernel: [    8.777772] (stk) :ldisc_install = 0
Jan 28 15:58:23 hikey970 kernel: [    9.031084] pci_bus 0000:03: busn_res: [bus 03] is released
Jan 28 15:58:23 hikey970 kernel: [    9.031931] pci_bus 0000:04: busn_res: [bus 04] is released
Jan 28 15:58:23 hikey970 kernel: [    9.032450] pci_bus 0000:05: busn_res: [bus 05] is released
Jan 28 15:58:23 hikey970 kernel: [    9.096725] pci_bus 0000:06: busn_res: [bus 06] is released
Jan 28 15:58:23 hikey970 kernel: [    9.097459] pci_bus 0000:07: busn_res: [bus 07] is released
Jan 28 15:58:23 hikey970 kernel: [    9.098106] pci_bus 0000:02: busn_res: [bus 02-07] is released
Jan 28 15:58:23 hikey970 kernel: [    9.098867] pcie_pme 0000:00:00.0:pcie001: unloading service driver pcie_pme
Jan 28 15:58:23 hikey970 kernel: [    9.098967] aer 0000:00:00.0:pcie002: unloading service driver aer
Jan 28 15:58:23 hikey970 kernel: [    9.099103] pci_bus 0000:00: busn_res: [bus 00-01] is released
Jan 28 15:58:24 hikey970 kernel: [    9.799087] (stk) : timed out waiting for ldisc to be un-installed
Jan 28 15:58:24 hikey970 kernel: [    9.912194] (stk) :ldisc_install = 1
Jan 28 15:58:25 hikey970 kernel: [   10.918848] (stk) :ldisc installation timeout
Jan 28 15:58:25 hikey970 kernel: [   10.921770] (stk) :ldisc_install = 0
Jan 28 15:58:26 hikey970 kernel: [   11.942835] (stk) : timed out waiting for ldisc to be un-installed
Jan 28 15:58:26 hikey970 kernel: [   12.054630] (stk) :ldisc_install = 1
Jan 28 15:58:27 hikey970 kernel: [   13.062878] (stk) :ldisc installation timeout
Jan 28 15:58:27 hikey970 kernel: [   13.065807] (stk) :ldisc_install = 0
Jan 28 15:58:28 hikey970 kernel: [   14.086853] (stk) : timed out waiting for ldisc to be un-installed
Jan 28 15:58:28 hikey970 kernel: [   14.093676] Bluetooth: st_register failed -22
Jan 28 15:58:35 hikey970 kernel: [   21.140958] sysrq: SysRq : HELP : loglevel(0-9) reboot(b) crash(c) terminate-all-tasks(e) memory-full-oom-kill(f) kill-all-tasks(i) thaw-filesystems(j) sak(k) show-backtrace-all-active-cpus(l) show-memory-usage(m) nice-all-RT-tasks(n) poweroff(o) show-registers(p) show-all-timers(q) unraw(r) sync(s) show-task-states(t) unmount(u) force-fb(V) show-blocked-tasks(w) 
Jan 28 15:58:17 hikey970 kernel: [    0.000000] Booting Linux on physical CPU 0x0
Jan 28 15:58:17 hikey970 kernel: [    0.000000] Linux version 4.9.78-147538-g244928755bbe (andy@andy-virtual-machine) (gcc version 4.9.x 20150123 (prerelease) (GCC) ) #1 SMP PREEMPT Thu May 31 10:58:02 CST 2018
Jan 28 15:58:17 hikey970 kernel: [    0.000000] Boot CPU: AArch64 Processor [410fd034]
Jan 28 15:58:17 hikey970 kernel: [    0.000000] earlycon: pl11 at MMIO 0x00000000fff32000 (options '115200')
Jan 28 15:58:17 hikey970 kernel: [    0.000000] bootconsole [pl11] enabled
Jan 28 15:58:17 hikey970 kernel: [    0.000000] efi: Getting EFI parameters from FDT:
Jan 28 15:58:17 hikey970 kernel: [    0.000000] efi: EFI v2.60 by EDK II
Jan 28 15:58:17 hikey970 kernel: [    0.000000] efi:  MEMATTR=0xbe6b3698 
Jan 28 15:58:17 hikey970 kernel: [    0.000000] Ion: base 0xbc800000, size is 0x1e00000, node name graphic, heap-name carveout_gralloc namesize 17,[99][97][114][118]
Jan 28 15:58:17 hikey970 kernel: [    0.000000] Ion: insert heap-name carveout_gralloc 
Jan 28 15:58:17 hikey970 kernel: [    0.000000] OF: reserved mem: initialized node graphic, compatible id hisi_ion
Jan 28 15:58:17 hikey970 kernel: [    0.000000] Reserved memory: created DMA memory pool at 0x0000000032200000, size 128 MiB
Jan 28 15:58:17 hikey970 kernel: [    0.000000] OF: reserved mem: initialized node drm_dma_mem_region, compatible id shared-dma-pool
Jan 28 15:58:17 hikey970 kernel: [    0.000000] cma: Reserved 64 MiB at 0x00000000b3400000
Jan 28 15:58:17 hikey970 kernel: [    0.000000] On node 0 totalpages: 1533751
Jan 28 15:58:17 hikey970 kernel: [    0.000000]   DMA zone: 11677 pages used for memmap
Jan 28 15:58:17 hikey970 kernel: [    0.000000]   DMA zone: 0 pages reserved
Jan 28 15:58:17 hikey970 kernel: [    0.000000]   DMA zone: 747319 pages, LIFO batch:31
Jan 28 15:58:17 hikey970 kernel: [    0.000000]   Normal zone: 12288 pages used for memmap
Jan 28 15:58:17 hikey970 kernel: [    0.000000]   Normal zone: 786432 pages, LIFO batch:31
Jan 28 15:58:17 hikey970 kernel: [    0.000000] psci: probing for conduit method from DT.
Jan 28 15:58:17 hikey970 kernel: [    0.000000] psci: PSCIv1.1 detected in firmware.
Jan 28 15:58:17 hikey970 kernel: [    0.000000] psci: Using standard PSCI v0.2 function IDs
Jan 28 15:58:17 hikey970 kernel: [    0.000000] psci: MIGRATE_INFO_TYPE not supported.
Jan 28 15:58:17 hikey970 kernel: [    0.000000] percpu: Embedded 22 pages/cpu @ffff8001bfed6000 s49944 r8192 d31976 u90112
Jan 28 15:58:17 hikey970 kernel: [    0.000000] pcpu-alloc: s49944 r8192 d31976 u90112 alloc=22*4096
Jan 28 15:58:17 hikey970 kernel: [    0.000000] pcpu-alloc: [0] 0 [0] 1 [0] 2 [0] 3 [0] 4 [0] 5 [0] 6 [0] 7 
Jan 28 15:58:17 hikey970 kernel: [    0.000000] Detected VIPT I-cache on CPU0
Jan 28 15:58:17 hikey970 kernel: [    0.000000] CPU features: enabling workaround for ARM erratum 845719
Jan 28 15:58:17 hikey970 kernel: [    0.000000] Built 1 zonelists in Zone order, mobility grouping on.  Total pages: 1509786
Jan 28 15:58:17 hikey970 kernel: [    0.000000] Kernel command line: BOOT_IMAGE=/boot/Image earlycon=pl011,0xfff32000,115200 clk_ignore_unused=true console=tty0 console=ttyAMA6,115200n8 root=/dev/sdd12 rootwait rw quiet efi=noruntime
Jan 28 15:58:17 hikey970 kernel: [    0.000000] PID hash table entries: 4096 (order: 3, 32768 bytes)
Jan 28 15:58:17 hikey970 kernel: [    0.000000] Dentry cache hash table entries: 1048576 (order: 11, 8388608 bytes)
Jan 28 15:58:17 hikey970 kernel: [    0.000000] Inode-cache hash table entries: 524288 (order: 10, 4194304 bytes)
Jan 28 15:58:17 hikey970 kernel: [    0.000000] software IO TLB [mem 0xaf400000-0xb3400000] (64MB) mapped at [ffff8000af400000-ffff8000b33fffff]
Jan 28 15:58:17 hikey970 kernel: [    0.000000] Memory: 5834364K/6135004K available (12476K kernel code, 1132K rwdata, 5216K rodata, 4160K init, 661K bss, 235104K reserved, 65536K cma-reserved)
Jan 28 15:58:17 hikey970 kernel: [    0.000000] Virtual kernel memory layout:
Jan 28 15:58:17 hikey970 kernel: [    0.000000]     modules : 0xffff000000000000 - 0xffff000008000000   (   128 MB)
Jan 28 15:58:17 hikey970 kernel: [    0.000000]     vmalloc : 0xffff000008000000 - 0xffff7dffbfff0000   (129022 GB)
Jan 28 15:58:17 hikey970 kernel: [    0.000000]       .text : 0xffff000008080000 - 0xffff000008cb0000   ( 12480 KB)
Jan 28 15:58:17 hikey970 kernel: [    0.000000]     .rodata : 0xffff000008cb0000 - 0xffff0000091d0000   (  5248 KB)
Jan 28 15:58:17 hikey970 kernel: [    0.000000]       .init : 0xffff0000091d0000 - 0xffff0000095e0000   (  4160 KB)
Jan 28 15:58:17 hikey970 kernel: [    0.000000]       .data : 0xffff0000095e0000 - 0xffff0000096fb200   (  1133 KB)
Jan 28 15:58:17 hikey970 kernel: [    0.000000]        .bss : 0xffff0000096fb200 - 0xffff0000097a07bc   (   662 KB)
Jan 28 15:58:17 hikey970 kernel: [    0.000000]     fixed   : 0xffff7dfffe7fb000 - 0xffff7dfffec00000   (  4116 KB)
Jan 28 15:58:17 hikey970 kernel: [    0.000000]     PCI I/O : 0xffff7dfffee00000 - 0xffff7dffffe00000   (    16 MB)
Jan 28 15:58:17 hikey970 kernel: [    0.000000]     vmemmap : 0xffff7e0000000000 - 0xffff800000000000   (  2048 GB maximum)
Jan 28 15:58:17 hikey970 kernel: [    0.000000]               0xffff7e0000000000 - 0xffff7e0007000000   (   112 MB actual)
Jan 28 15:58:17 hikey970 kernel: [    0.000000]     memory  : 0xffff800000000000 - 0xffff8001c0000000   (  7168 MB)
Jan 28 15:58:17 hikey970 kernel: [    0.000000] SLUB: HWalign=64, Order=0-3, MinObjects=0, CPUs=8, Nodes=1
Jan 28 15:58:17 hikey970 kernel: [    0.000000] Preemptible hierarchical RCU implementation.
Jan 28 15:58:17 hikey970 kernel: [    0.000000] 	Build-time adjustment of leaf fanout to 64.
Jan 28 15:58:17 hikey970 kernel: [    0.000000] 	RCU restricting CPUs from NR_CPUS=64 to nr_cpu_ids=8.
Jan 28 15:58:17 hikey970 kernel: [    0.000000] RCU: Adjusting geometry for rcu_fanout_leaf=64, nr_cpu_ids=8
Jan 28 15:58:17 hikey970 kernel: [    0.000000] NR_IRQS:64 nr_irqs:64 0
Jan 28 15:58:17 hikey970 kernel: [    0.000000] arm_arch_timer: Architected cp15 timer(s) running at 1.92MHz (phys).
Jan 28 15:58:17 hikey970 kernel: [    0.000000] clocksource: arch_sys_counter: mask: 0xffffffffffffff max_cycles: 0x1c570327e, max_idle_ns: 1763180809505 ns
Jan 28 15:58:17 hikey970 kernel: [    0.000003] sched_clock: 56 bits at 1920kHz, resolution 520ns, wraps every 4398046510977ns
Jan 28 15:58:17 hikey970 kernel: [    0.000306] Console: colour dummy device 80x25
Jan 28 15:58:17 hikey970 kernel: [    0.000328] console [tty0] enabled
Jan 28 15:58:17 hikey970 kernel: [    0.000345] Calibrating delay loop (skipped), value calculated using timer frequency.. 3.84 BogoMIPS (lpj=7680)
Jan 28 15:58:17 hikey970 kernel: [    0.000351] pid_max: default: 32768 minimum: 301
Jan 28 15:58:17 hikey970 kernel: [    0.000384] Security Framework initialized
Jan 28 15:58:17 hikey970 kernel: [    0.000389] SELinux:  Initializing.
Jan 28 15:58:17 hikey970 kernel: [    0.000419] SELinux:  Starting in permissive mode
Jan 28 15:58:17 hikey970 kernel: [    0.000436] Mount-cache hash table entries: 16384 (order: 5, 131072 bytes)
Jan 28 15:58:17 hikey970 kernel: [    0.000440] Mountpoint-cache hash table entries: 16384 (order: 5, 131072 bytes)
Jan 28 15:58:17 hikey970 kernel: [    0.001629] sched-energy: Sched-energy-costs installed from DT
Jan 28 15:58:17 hikey970 kernel: [    0.001633] CPU0: update cpu_capacity 360
Jan 28 15:58:17 hikey970 kernel: [    0.001640] ASID allocator initialised with 32768 entries
Jan 28 15:58:17 hikey970 kernel: [    0.031938] /soc/interrupt-controller@0xf4000000: Unable to locate ITS domain
Jan 28 15:58:17 hikey970 kernel: [    0.039266] /soc/interrupt-controller@0xf4000000: unable to locate ITS domain
Jan 28 15:58:17 hikey970 kernel: [    0.047215] EFI runtime services will be disabled.
Jan 28 15:58:17 hikey970 kernel: [    0.094757] Detected VIPT I-cache on CPU1
Jan 28 15:58:17 hikey970 kernel: [    0.094795] CPU1: update cpu_capacity 360
Jan 28 15:58:17 hikey970 kernel: [    0.094797] CPU1: Booted secondary processor [410fd034]
Jan 28 15:58:17 hikey970 kernel: [    0.126774] Detected VIPT I-cache on CPU2
Jan 28 15:58:17 hikey970 kernel: [    0.126791] CPU2: update cpu_capacity 360
Jan 28 15:58:17 hikey970 kernel: [    0.126792] CPU2: Booted secondary processor [410fd034]
Jan 28 15:58:17 hikey970 kernel: [    0.158811] Detected VIPT I-cache on CPU3
Jan 28 15:58:17 hikey970 kernel: [    0.158826] CPU3: update cpu_capacity 360
Jan 28 15:58:17 hikey970 kernel: [    0.158827] CPU3: Booted secondary processor [410fd034]
Jan 28 15:58:17 hikey970 kernel: [    0.191347] Detected VIPT I-cache on CPU4
Jan 28 15:58:17 hikey970 kernel: [    0.191354] CPU features: SANITY CHECK: Unexpected variation in SYS_ID_AA64MMFR0_EL1. Boot CPU: 0x00000000001122, CPU4: 0x00000000101122
Jan 28 15:58:17 hikey970 kernel: [    0.191358] CPU features: Unsupported CPU feature variation detected.
Jan 28 15:58:17 hikey970 kernel: [    0.191373] CPU4: update cpu_capacity 1024
Jan 28 15:58:17 hikey970 kernel: [    0.191374] CPU4: Booted secondary processor [410fd092]
Jan 28 15:58:17 hikey970 kernel: [    0.222888] Detected VIPT I-cache on CPU5
Jan 28 15:58:17 hikey970 kernel: [    0.222891] CPU features: SANITY CHECK: Unexpected variation in SYS_ID_AA64MMFR0_EL1. Boot CPU: 0x00000000001122, CPU5: 0x00000000101122
Jan 28 15:58:17 hikey970 kernel: [    0.222902] CPU5: update cpu_capacity 1024
Jan 28 15:58:17 hikey970 kernel: [    0.222903] CPU5: Booted secondary processor [410fd092]
Jan 28 15:58:17 hikey970 kernel: [    0.254928] Detected VIPT I-cache on CPU6
Jan 28 15:58:17 hikey970 kernel: [    0.254931] CPU features: SANITY CHECK: Unexpected variation in SYS_ID_AA64MMFR0_EL1. Boot CPU: 0x00000000001122, CPU6: 0x00000000101122
Jan 28 15:58:17 hikey970 kernel: [    0.254942] CPU6: update cpu_capacity 1024
Jan 28 15:58:17 hikey970 kernel: [    0.254943] CPU6: Booted secondary processor [410fd092]
Jan 28 15:58:17 hikey970 kernel: [    0.286968] Detected VIPT I-cache on CPU7
Jan 28 15:58:17 hikey970 kernel: [    0.286972] CPU features: SANITY CHECK: Unexpected variation in SYS_ID_AA64MMFR0_EL1. Boot CPU: 0x00000000001122, CPU7: 0x00000000101122
Jan 28 15:58:17 hikey970 kernel: [    0.286982] CPU7: update cpu_capacity 1024
Jan 28 15:58:17 hikey970 kernel: [    0.286983] CPU7: Booted secondary processor [410fd092]
Jan 28 15:58:17 hikey970 kernel: [    0.287032] Brought up 8 CPUs
Jan 28 15:58:17 hikey970 kernel: [    0.287036] SMP: Total of 8 processors activated.
